[    0.000000] Initializing cgroup subsys cpuset
[    0.000000] Initializing cgroup subsys cpu
[    0.000000] Initializing cgroup subsys cpuacct
[    0.000000] Linux version 4.4.0-62-generic (buildd@lcy01-30) (gcc version 5.4.0 20160609 (Ubuntu 5.4.0-6ubuntu1~16.04.4) ) #83-Ubuntu SMP Wed Jan 18 14:10:15 UTC 2017 (Ubuntu 4.4.0-62.83-generic 4.4.40)
[    0.000000] Command line: BOOT_IMAGE=/boot/vmlinuz-4.4.0-62-generic root=LABEL=cloudimg-rootfs ro console=tty1 console=ttyS0
[    0.000000] KERNEL supported cpus:
[    0.000000]   Intel GenuineIntel
[    0.000000]   AMD AuthenticAMD
[    0.000000]   Centaur CentaurHauls
[    0.000000] x86/fpu: xstate_offset[2]:  576, xstate_sizes[2]:  256
[    0.000000] x86/fpu: Supporting XSAVE feature 0x01: 'x87 floating point registers'
[    0.000000] x86/fpu: Supporting XSAVE feature 0x02: 'SSE registers'
[    0.000000] x86/fpu: Supporting XSAVE feature 0x04: 'AVX registers'
[    0.000000] x86/fpu: Enabled xstate features 0x7, context size is 832 bytes, using 'standard' format.
[    0.000000] x86/fpu: Using 'lazy' FPU context switches.
[    0.000000] e820: BIOS-provided physical RAM map:
[    0.000000] BIOS-e820: [mem 0x0000000000000000-0x000000000009fbff] usable
[    0.000000] BIOS-e820: [mem 0x000000000009fc00-0x000000000009ffff] reserved
[    0.000000] BIOS-e820: [mem 0x00000000000f0000-0x00000000000fffff] reserved
[    0.000000] BIOS-e820: [mem 0x0000000000100000-0x000000001ffeffff] usable
[    0.000000] BIOS-e820: [mem 0x000000001fff0000-0x000000001fffffff] ACPI data
[    0.000000] BIOS-e820: [mem 0x00000000fec00000-0x00000000fec00fff] reserved
[    0.000000] BIOS-e820: [mem 0x00000000fee00000-0x00000000fee00fff] reserved
[    0.000000] BIOS-e820: [mem 0x00000000fffc0000-0x00000000ffffffff] reserved
[    0.000000] NX (Execute Disable) protection: active
[    0.000000] SMBIOS 2.5 present.
[    0.000000] Hypervisor detected: KVM
[    0.000000] e820: last_pfn = 0x1fff0 max_arch_pfn = 0x400000000
[    0.000000] MTRR: Disabled
[    0.000000] x86/PAT: MTRRs disabled, skipping PAT initialization too.
[    0.000000] x86/PAT: Configuration [0-7]: WB  WT  UC- UC  WB  WT  UC- UC  
[    0.000000] CPU MTRRs all blank - virtualized system.
[    0.000000] found SMP MP-table at [mem 0x0009fff0-0x0009ffff] mapped at [ffff88000009fff0]
[    0.000000] Scanning 1 areas for low memory corruption
[    0.000000] RAMDISK: [mem 0x1ed0e000-0x1f758fff]
[    0.000000] ACPI: Early table checksum verification disabled
[    0.000000] ACPI: RSDP 0x00000000000E0000 000024 (v02 VBOX  )
[    0.000000] ACPI: XSDT 0x000000001FFF0030 00003C (v01 VBOX   VBOXXSDT 00000001 ASL  00000061)
[    0.000000] ACPI: FACP 0x000000001FFF00F0 0000F4 (v04 VBOX   VBOXFACP 00000001 ASL  00000061)
[    0.000000] ACPI: DSDT 0x000000001FFF0470 00210F (v01 VBOX   VBOXBIOS 00000002 INTL 20100528)
[    0.000000] ACPI: FACS 0x000000001FFF0200 000040
[    0.000000] ACPI: FACS 0x000000001FFF0200 000040
[    0.000000] ACPI: APIC 0x000000001FFF0240 00005C (v02 VBOX   VBOXAPIC 00000001 ASL  00000061)
[    0.000000] ACPI: SSDT 0x000000001FFF02A0 0001CC (v01 VBOX   VBOXCPUT 00000002 INTL 20100528)
[    0.000000] No NUMA configuration found
[    0.000000] Faking a node at [mem 0x0000000000000000-0x000000001ffeffff]
[    0.000000] NODE_DATA(0) allocated [mem 0x1ffeb000-0x1ffeffff]
[    0.000000] kvm-clock: Using msrs 4b564d01 and 4b564d00
[    0.000000] kvm-clock: cpu 0, msr 0:1ffe3001, primary cpu clock
[    0.000000] kvm-clock: using sched offset of 3655718637 cycles
[    0.000000] clocksource: kvm-clock: mask: 0xffffffffffffffff max_cycles: 0x1cd42e4dffb, max_idle_ns: 881590591483 ns
[    0.000000] Zone ranges:
[    0.000000]   DMA      [mem 0x0000000000001000-0x0000000000ffffff]
[    0.000000]   DMA32    [mem 0x0000000001000000-0x000000001ffeffff]
[    0.000000]   Normal   empty
[    0.000000]   Device   empty
[    0.000000] Movable zone start for each node
[    0.000000] Early memory node ranges
[    0.000000]   node   0: [mem 0x0000000000001000-0x000000000009efff]
[    0.000000]   node   0: [mem 0x0000000000100000-0x000000001ffeffff]
[    0.000000] Initmem setup node 0 [mem 0x0000000000001000-0x000000001ffeffff]
[    0.000000] ACPI: PM-Timer IO Port: 0x4008
[    0.000000] IOAPIC[0]: apic_id 2, version 32, address 0xfec00000, GSI 0-23
[    0.000000] ACPI: INT_SRC_OVR (bus 0 bus_irq 0 global_irq 2 dfl dfl)
[    0.000000] ACPI: INT_SRC_OVR (bus 0 bus_irq 9 global_irq 9 high level)
[    0.000000] Using ACPI (MADT) for SMP configuration information
[    0.000000] smpboot: Allowing 2 CPUs, 0 hotplug CPUs
[    0.000000] PM: Registered nosave memory: [mem 0x00000000-0x00000fff]
[    0.000000] PM: Registered nosave memory: [mem 0x0009f000-0x0009ffff]
[    0.000000] PM: Registered nosave memory: [mem 0x000a0000-0x000effff]
[    0.000000] PM: Registered nosave memory: [mem 0x000f0000-0x000fffff]
[    0.000000] e820: [mem 0x20000000-0xfebfffff] available for PCI devices
[    0.000000] Booting paravirtualized kernel on KVM
[    0.000000] clocksource: refined-jiffies: mask: 0xffffffff max_cycles: 0xffffffff, max_idle_ns: 7645519600211568 ns
[    0.000000] setup_percpu: NR_CPUS:512 nr_cpumask_bits:512 nr_cpu_ids:2 nr_node_ids:1
[    0.000000] PERCPU: Embedded 33 pages/cpu @ffff88001fc00000 s98264 r8192 d28712 u1048576
[    0.000000] PV qspinlock hash table entries: 256 (order: 0, 4096 bytes)
[    0.000000] Built 1 zonelists in Node order, mobility grouping on.  Total pages: 128889
[    0.000000] Policy zone: DMA32
[    0.000000] Kernel command line: BOOT_IMAGE=/boot/vmlinuz-4.4.0-62-generic root=LABEL=cloudimg-rootfs ro console=tty1 console=ttyS0
[    0.000000] PID hash table entries: 2048 (order: 2, 16384 bytes)
[    0.000000] Memory: 485960K/523832K available (8436K kernel code, 1291K rwdata, 3960K rodata, 1488K init, 1316K bss, 37872K reserved, 0K cma-reserved)
[    0.000000] SLUB: HWalign=64, Order=0-3, MinObjects=0, CPUs=2, Nodes=1
[    0.000000] Hierarchical RCU implementation.
[    0.000000] 	Build-time adjustment of leaf fanout to 64.
[    0.000000] 	RCU restricting CPUs from NR_CPUS=512 to nr_cpu_ids=2.
[    0.000000] RCU: Adjusting geometry for rcu_fanout_leaf=64, nr_cpu_ids=2
[    0.000000] NR_IRQS:33024 nr_irqs:440 16
[    0.000000] Console: colour VGA+ 80x25
[    0.000000] console [tty1] enabled
[    0.000000] console [ttyS0] enabled
[    0.000000] tsc: Detected 1099.999 MHz processor
[    1.854285] Calibrating delay loop (skipped) preset value.. 2199.99 BogoMIPS (lpj=4399996)
[    1.925753] pid_max: default: 32768 minimum: 301
[    2.006816] ACPI: Core revision 20150930
[    2.056427] ACPI: 2 ACPI AML tables successfully acquired and loaded
[    2.090696] Security Framework initialized
[    2.144287] Yama: becoming mindful.
[    2.162827] AppArmor: AppArmor initialized
[    2.193005] Dentry cache hash table entries: 65536 (order: 7, 524288 bytes)
[    2.211958] Inode-cache hash table entries: 32768 (order: 6, 262144 bytes)
[    2.245703] Mount-cache hash table entries: 1024 (order: 1, 8192 bytes)
[    2.272863] Mountpoint-cache hash table entries: 1024 (order: 1, 8192 bytes)
[    2.291869] Initializing cgroup subsys io
[    2.320379] Initializing cgroup subsys memory
[    2.321741] Initializing cgroup subsys devices
[    2.365746] Initializing cgroup subsys freezer
[    2.386277] Initializing cgroup subsys net_cls
[    2.400658] Initializing cgroup subsys perf_event
[    2.416983] Initializing cgroup subsys net_prio
[    2.424740] Initializing cgroup subsys hugetlb
[    2.433374] Initializing cgroup subsys pids
[    2.440070] CPU: Physical Processor ID: 0
[    2.441663] CPU: Processor Core ID: 0
[    2.478205] mce: CPU supports 0 MCE banks
[    2.520960] Last level iTLB entries: 4KB 64, 2MB 8, 4MB 8
[    2.535656] Last level dTLB entries: 4KB 64, 2MB 0, 4MB 0, 1GB 4
[    2.564395] Freeing SMP alternatives memory: 32K (ffffffff820b8000 - ffffffff820c0000)
[    2.585594] ftrace: allocating 32065 entries in 126 pages
[    2.664351] smpboot: APIC(0) Converting physical 0 to logical package 0
[    2.677941] smpboot: Max logical packages: 1
[    2.682412] x2apic enabled
[    2.692661] Switched APIC routing to physical x2apic.
[    2.698429] ..TIMER: vector=0x30 apic1=0 pin1=2 apic2=-1 pin2=-1
[    2.831191] smpboot: CPU0: Intel(R) Core(TM) M-5Y31 CPU @ 0.90GHz (family: 0x6, model: 0x3d, stepping: 0x4)
[    2.843617] Performance Events: unsupported p6 CPU model 61 no PMU driver, software events only.
[    2.871675] KVM setup paravirtual spinlock
[    2.875514] x86: Booting SMP configuration:
[    2.888978] .... node  #0, CPUs:      #1
[    2.912969] kvm-clock: cpu 1, msr 0:1ffe3041, secondary cpu clock
[    2.923586] mce: CPU supports 0 MCE banks
[    2.926691] x86: Booted up 1 node, 2 CPUs
[    2.964141] smpboot: Total of 2 processors activated (4399.99 BogoMIPS)
[    3.036109] devtmpfs: initialized
[    3.065890] evm: security.selinux
[    3.069734] evm: security.SMACK64
[    3.105261] evm: security.SMACK64EXEC
[    3.132207] evm: security.SMACK64TRANSMUTE
[    3.164893] evm: security.SMACK64MMAP
[    3.202339] evm: security.ima
[    3.216551] evm: security.capability
[    3.233437] clocksource: jiffies: mask: 0xffffffff max_cycles: 0xffffffff, max_idle_ns: 7645041785100000 ns
[    3.262509] pinctrl core: initialized pinctrl subsystem
[    3.277330] RTC time:  8:34:20, date: 02/12/17
[    3.302301] NET: Registered protocol family 16
[    3.328032] cpuidle: using governor ladder
[    3.348193] cpuidle: using governor menu
[    3.369021] PCCT header not found.
[    3.371999] ACPI: bus type PCI registered
[    3.373445] acpiphp: ACPI Hot Plug PCI Controller Driver version: 0.5
[    3.379316] PCI: Using configuration type 1 for base access
[    3.396830] ACPI: Added _OSI(Module Device)
[    3.417467] ACPI: Added _OSI(Processor Device)
[    3.447668] ACPI: Added _OSI(3.0 _SCP Extensions)
[    3.475884] ACPI: Added _OSI(Processor Aggregator Device)
[    3.518758] ACPI: Executed 1 blocks of module-level executable AML code
[    3.529392] ACPI: Interpreter enabled
[    3.580372] ACPI: (supports S0 S5)
[    3.617670] ACPI: Using IOAPIC for interrupt routing
[    3.625211] PCI: Using host bridge windows from ACPI; if necessary, use "pci=nocrs" and report a bug
[    3.701891] ACPI: PCI Root Bridge [PCI0] (domain 0000 [bus 00-ff])
[    3.752247] acpi PNP0A03:00: _OSC: OS supports [ASPM ClockPM Segments MSI]
[    3.823945] acpi PNP0A03:00: _OSC failed (AE_NOT_FOUND); disabling ASPM
[    3.895544] acpi PNP0A03:00: fail to add MMCONFIG information, can't access extended PCI configuration space under this bridge.
[    3.986775] PCI host bridge to bus 0000:00
[    4.017164] pci_bus 0000:00: root bus resource [io  0x0000-0x0cf7 window]
[    4.018943] pci_bus 0000:00: root bus resource [io  0x0d00-0xffff window]
[    4.066884] pci_bus 0000:00: root bus resource [mem 0x000a0000-0x000bffff window]
[    4.132504] pci_bus 0000:00: root bus resource [mem 0x20000000-0xffdfffff window]
[    4.196899] pci_bus 0000:00: root bus resource [bus 00-ff]
[    4.201557] pci 0000:00:01.1: legacy IDE quirk: reg 0x10: [io  0x01f0-0x01f7]
[    4.218444] pci 0000:00:01.1: legacy IDE quirk: reg 0x14: [io  0x03f6]
[    4.252826] pci 0000:00:01.1: legacy IDE quirk: reg 0x18: [io  0x0170-0x0177]
[    4.321344] pci 0000:00:01.1: legacy IDE quirk: reg 0x1c: [io  0x0376]
[    4.351828] pci 0000:00:07.0: quirk: [io  0x4000-0x403f] claimed by PIIX4 ACPI
[    4.396705] pci 0000:00:07.0: quirk: [io  0x4100-0x410f] claimed by PIIX4 SMB
[    4.462310] ACPI: PCI Interrupt Link [LNKA] (IRQs 5 9 10 *11)
[    4.505102] ACPI: PCI Interrupt Link [LNKB] (IRQs 5 9 10 *11)
[    4.550190] ACPI: PCI Interrupt Link [LNKC] (IRQs 5 9 *10 11)
[    4.585906] ACPI: PCI Interrupt Link [LNKD] (IRQs 5 *9 10 11)
[    4.596672] ACPI: Enabled 2 GPEs in block 00 to 07
[    4.599069] vgaarb: setting as boot device: PCI:0000:00:02.0
[    4.613140] vgaarb: device added: PCI:0000:00:02.0,decodes=io+mem,owns=io+mem,locks=none
[    4.628447] vgaarb: loaded
[    4.647800] vgaarb: bridge control possible 0000:00:02.0
[    4.655401] SCSI subsystem initialized
[    4.685652] ACPI: bus type USB registered
[    4.710025] usbcore: registered new interface driver usbfs
[    4.727022] usbcore: registered new interface driver hub
[    4.731812] usbcore: registered new device driver usb
[    4.753695] PCI: Using ACPI for IRQ routing
[    4.761121] NetLabel: Initializing
[    4.764138] NetLabel:  domain hash size = 128
[    4.804565] NetLabel:  protocols = UNLABELED CIPSOv4
[    4.806326] NetLabel:  unlabeled traffic allowed by default
[    4.814239] amd_nb: Cannot enumerate AMD northbridges
[    4.824998] clocksource: Switched to clocksource kvm-clock
[    4.836860] AppArmor: AppArmor Filesystem Enabled
[    4.861907] pnp: PnP ACPI init
[    4.881758] pnp: PnP ACPI: found 3 devices
[    4.924241] clocksource: acpi_pm: mask: 0xffffff max_cycles: 0xffffff, max_idle_ns: 2085701024 ns
[    4.938093] NET: Registered protocol family 2
[    4.942861] TCP established hash table entries: 4096 (order: 3, 32768 bytes)
[    4.954822] TCP bind hash table entries: 4096 (order: 4, 65536 bytes)
[    4.972048] TCP: Hash tables configured (established 4096 bind 4096)
[    4.977524] UDP hash table entries: 256 (order: 1, 8192 bytes)
[    4.986930] UDP-Lite hash table entries: 256 (order: 1, 8192 bytes)
[    4.996810] NET: Registered protocol family 1
[    5.003626] pci 0000:00:00.0: Limiting direct PCI/PCI transfers
[    5.008102] pci 0000:00:01.0: Activating ISA DMA hang workarounds
[    5.021977] Trying to unpack rootfs image as initramfs...
[    7.909474] Freeing initrd memory: 10540K (ffff88001ed0e000 - ffff88001f759000)
[    7.987812] RAPL PMU detected, API unit is 2^-32 Joules, 4 fixed counters 10737418240 ms ovfl timer
[    8.006030] hw unit of domain pp0-core 2^-0 Joules
[    8.033690] hw unit of domain package 2^-0 Joules
[    8.105501] hw unit of domain dram 2^-0 Joules
[    8.190378] hw unit of domain pp1-gpu 2^-0 Joules
[    8.249955] platform rtc_cmos: registered platform RTC device (no PNP device found)
[    8.361947] Scanning for low memory corruption every 60 seconds
[    8.464200] futex hash table entries: 512 (order: 3, 32768 bytes)
[    8.529029] audit: initializing netlink subsys (disabled)
[    8.593655] audit: type=2000 audit(1486888467.590:1): initialized
[    8.630695] Initialise system trusted keyring
[    8.682458] HugeTLB registered 2 MB page size, pre-allocated 0 pages
[    8.695538] zbud: loaded
[    8.698011] VFS: Disk quotas dquot_6.6.0
[    8.709603] VFS: Dquot-cache hash table entries: 512 (order 0, 4096 bytes)
[    8.752662] squashfs: version 4.0 (2009/01/31) Phillip Lougher
[    8.801384] fuse init (API version 7.23)
[    8.834341] Key type big_key registered
[    8.840327] Allocating IMA MOK and blacklist keyrings.
[    8.877301] Key type asymmetric registered
[    8.917861] Asymmetric key parser 'x509' registered
[    8.952807] Block layer SCSI generic (bsg) driver version 0.4 loaded (major 249)
[    8.996343] io scheduler noop registered
[    9.036731] io scheduler deadline registered (default)
[    9.043100] io scheduler cfq registered
[    9.053510] pci_hotplug: PCI Hot Plug PCI Core version: 0.5
[    9.058336] pciehp: PCI Express Hot Plug Controller Driver version: 0.4
[    9.092121] ACPI: AC Adapter [AC] (on-line)
[    9.120117] input: Power Button as /devices/LNXSYSTM:00/LNXPWRBN:00/input/input0
[    9.154748] ACPI: Power Button [PWRF]
[    9.164439] input: Sleep Button as /devices/LNXSYSTM:00/LNXSLPBN:00/input/input1
[    9.176959] ACPI: Sleep Button [SLPF]
[    9.179629] GHES: HEST is not enabled!
[    9.181281] ACPI: Battery Slot [BAT0] (battery present)
[    9.210901] Serial: 8250/16550 driver, 32 ports, IRQ sharing enabled
[    9.253508] 00:02: ttyS0 at I/O 0x3f8 (irq = 4, base_baud = 115200) is a 16550A
[    9.264381] tsc: Refined TSC clocksource calibration: 1099.649 MHz
[    9.281171] clocksource: tsc: mask: 0xffffffffffffffff max_cycles: 0xfd9cdcad4a, max_idle_ns: 440795209730 ns
[    9.328166] Linux agpgart interface v0.103
[    9.373163] brd: module loaded
[    9.397584] loop: module loaded
[    9.431379] scsi host0: ata_piix
[    9.496310] scsi host1: ata_piix
[    9.542167] ata1: PATA max UDMA/33 cmd 0x1f0 ctl 0x3f6 bmdma 0xd000 irq 14
[    9.640079] ata2: PATA max UDMA/33 cmd 0x170 ctl 0x376 bmdma 0xd008 irq 15
[    9.792468] libphy: Fixed MDIO Bus: probed
[    9.879239] tun: Universal TUN/TAP device driver, 1.6
[    9.951597] tun: (C) 1999-2004 Max Krasnyansky <maxk@qualcomm.com>
[   10.076300] PPP generic driver version 2.4.2
[   10.077964] ehci_hcd: USB 2.0 'Enhanced' Host Controller (EHCI) Driver
[   10.084563] ehci-pci: EHCI PCI platform driver
[   10.141149] ehci-platform: EHCI generic platform driver
[   10.194557] ohci_hcd: USB 1.1 'Open' Host Controller (OHCI) Driver
[   10.279594] ohci-pci: OHCI PCI platform driver
[   10.323653] ohci-platform: OHCI generic platform driver
[   10.380465] uhci_hcd: USB Universal Host Controller Interface driver
[   10.402531] i8042: PNP: PS/2 Controller [PNP0303:PS2K,PNP0f03:PS2M] at 0x60,0x64 irq 1,12
[   10.437509] serio: i8042 KBD port at 0x60,0x64 irq 1
[   10.540931] serio: i8042 AUX port at 0x60,0x64 irq 12
[   10.642173] mousedev: PS/2 mouse device common for all mice
[   10.749404] input: AT Translated Set 2 keyboard as /devices/platform/i8042/serio0/input/input2
[   10.832971] rtc_cmos rtc_cmos: rtc core: registered rtc_cmos as rtc0
[   10.953709] rtc_cmos rtc_cmos: alarms up to one day, 114 bytes nvram
[   11.073723] i2c /dev entries driver
[   11.113337] device-mapper: uevent: version 1.0.3
[   11.114910] device-mapper: ioctl: 4.34.0-ioctl (2015-10-28) initialised: dm-devel@redhat.com
[   11.214552] ledtrig-cpu: registered to indicate activity on CPUs
[   11.246313] NET: Registered protocol family 10
[   11.271035] NET: Registered protocol family 17
[   11.315642] Key type dns_resolver registered
[   11.362307] microcode: CPU0 sig=0x306d4, pf=0x40, revision=0x0
[   11.399361] microcode: CPU1 sig=0x306d4, pf=0x40, revision=0x0
[   11.413072] microcode: Microcode Update Driver: v2.01 <tigran@aivazian.fsnet.co.uk>, Peter Oruba
[   11.454174] registered taskstats version 1
[   11.461906] Loading compiled-in X.509 certificates
[   11.504069] Loaded X.509 cert 'Build time autogenerated kernel key: a630254739635d6fdc487c9f0afa5d9a0ff04f04'
[   11.534162] zswap: loaded using pool lzo/zbud
[   11.577818] Key type trusted registered
[   11.613498] Key type encrypted registered
[   11.667365] AppArmor: AppArmor sha1 policy hashing enabled
[   11.683179] ima: No TPM chip found, activating TPM-bypass!
[   11.721990] evm: HMAC attrs: 0x1
[   11.742858]   Magic number: 5:751:573
[   11.778163] rtc_cmos rtc_cmos: setting system clock to 2017-02-12 08:34:29 UTC (1486888469)
[   11.791293] BIOS EDD facility v0.16 2004-Jun-25, 0 devices found
[   11.795243] EDD information not available.
[   11.822465] Freeing unused kernel memory: 1488K (ffffffff81f44000 - ffffffff820b8000)
[   11.837466] Write protecting the kernel read-only data: 14336k
[   11.850289] Freeing unused kernel memory: 1792K (ffff880001840000 - ffff880001a00000)
[   11.892592] Freeing unused kernel memory: 136K (ffff880001dde000 - ffff880001e00000)
Loading, please wait...
starting version 229
[   11.944079] random: systemd-udevd: uninitialized urandom read (16 bytes read, 7 bits of entropy available)
[   11.944494] random: udevadm: uninitialized urandom read (16 bytes read, 7 bits of entropy available)
[   11.944541] random: udevadm: uninitialized urandom read (16 bytes read, 7 bits of entropy available)
[   11.944678] random: udevadm: uninitialized urandom read (16 bytes read, 7 bits of entropy available)
[   11.944729] random: udevadm: uninitialized urandom read (16 bytes read, 7 bits of entropy available)
[   11.944778] random: udevadm: uninitialized urandom read (16 bytes read, 7 bits of entropy available)
[   11.944859] random: udevadm: uninitialized urandom read (16 bytes read, 7 bits of entropy available)
[   11.944911] random: udevadm: uninitialized urandom read (16 bytes read, 7 bits of entropy available)
[   11.944957] random: udevadm: uninitialized urandom read (16 bytes read, 7 bits of entropy available)
[   11.945002] random: udevadm: uninitialized urandom read (16 bytes read, 7 bits of entropy available)
[   12.208241] e1000: Intel(R) PRO/1000 Network Driver - version 7.3.21-k8-NAPI
[   12.231179] e1000: Copyright (c) 1999-2006 Intel Corporation.
[   12.242195] Fusion MPT base driver 3.04.20
[   12.254129] Copyright (c) 1999-2008 LSI Corporation
[   12.291391] AVX version of gcm_enc/dec engaged.
[   12.296165] AES CTR mode by8 optimization enabled
[   12.336200] Fusion MPT SPI Host driver 3.04.20
[   12.540442] input: ImExPS/2 Generic Explorer Mouse as /devices/platform/i8042/serio1/input/input4
[   12.959152] e1000 0000:00:03.0 eth0: (PCI:33MHz:32-bit) 02:e4:5b:1a:6e:ce
[   13.039042] e1000 0000:00:03.0 eth0: Intel(R) PRO/1000 Network Connection
[   13.471870] e1000 0000:00:08.0 eth1: (PCI:33MHz:32-bit) 08:00:27:fc:19:9b
[   13.491210] e1000 0000:00:08.0 eth1: Intel(R) PRO/1000 Network Connection
[   13.530674] mptbase: ioc0: Initiating bringup
[   13.554775] e1000 0000:00:03.0 enp0s3: renamed from eth0
[   13.585897] e1000 0000:00:08.0 enp0s8: renamed from eth1
[   13.697586] ioc0: LSI53C1030 A0: Capabilities={Initiator}
[   13.883627] scsi host2: ioc0: LSI53C1030 A0, FwRev=00000000h, Ports=1, MaxQ=256, IRQ=20
[   14.002187] scsi 2:0:0:0: Direct-Access     VBOX     HARDDISK         1.0  PQ: 0 ANSI: 5
[   14.011846] scsi target2:0:0: Beginning Domain Validation
[   14.059932] scsi target2:0:0: Domain Validation skipping write tests
[   14.063814] scsi target2:0:0: Ending Domain Validation
[   14.065345] scsi target2:0:0: asynchronous
[   14.090193] scsi 2:0:1:0: Direct-Access     VBOX     HARDDISK         1.0  PQ: 0 ANSI: 5
[   14.141846] scsi target2:0:1: Beginning Domain Validation
[   14.197597] scsi target2:0:1: Domain Validation skipping write tests
[   14.202364] scsi target2:0:1: Ending Domain Validation
[   14.204855] scsi target2:0:1: asynchronous
[   14.219821] sd 2:0:0:0: Attached scsi generic sg0 type 0
[   14.230556] sd 2:0:1:0: Attached scsi generic sg1 type 0
[   14.230910] sd 2:0:0:0: [sda] 20971520 512-byte logical blocks: (10.7 GB/10.0 GiB)
[   14.231175] sd 2:0:0:0: [sda] Write Protect is off
[   14.231351] sd 2:0:0:0: [sda] Incomplete mode parameter data
[   14.231352] sd 2:0:0:0: [sda] Assuming drive cache: write through
[   14.233901] sd 2:0:1:0: [sdb] 20480 512-byte logical blocks: (10.5 MB/10.0 MiB)
[   14.234325] sd 2:0:1:0: [sdb] Write Protect is off
[   14.234422] sd 2:0:1:0: [sdb] Incomplete mode parameter data
[   14.234423] sd 2:0:1:0: [sdb] Assuming drive cache: write through
[   14.235659]  sda: sda1
[   14.236840] sd 2:0:0:0: [sda] Attached SCSI disk
[   14.237642] sd 2:0:1:0: [sdb] Attached SCSI disk
[   15.329695] floppy0: no floppy controllers found
Begin: Loading e[   16.877578] md: linear personality registered for level -1
ssential drivers ... [   16.916626] md: multipath personality registered for level -4
[   16.985795] md: raid0 personality registered for level 0
[   17.025962] md: raid1 personality registered for level 1
[   17.125247] raid6: sse2x1   gen()  5149 MB/s
[   17.234052] raid6: sse2x1   xor()  2657 MB/s
[   17.393472] raid6: sse2x2   gen()  3225 MB/s
[   17.465527] raid6: sse2x2   xor()  2149 MB/s
[   17.537664] raid6: sse2x4   gen()  3988 MB/s
[   17.609325] raid6: sse2x4   xor()  2269 MB/s
[   17.614899] raid6: using algorithm sse2x1 gen() 5149 MB/s
[   17.620156] raid6: .... xor() 2657 MB/s, rmw enabled
[   17.646118] raid6: using ssse3x2 recovery algorithm
[   17.706713] xor: automatically using best checksumming function:
[   17.817276]    avx       : 15736.000 MB/sec
[   17.830566] async_tx: api initialized (async)
[   17.876408] md: raid6 personality registered for level 6
[   17.879205] md: raid5 personality registered for level 5
[   17.885986] md: raid4 personality registered for level 4
[   17.907192] md: raid10 personality registered for level 10
done.
Begin: Running /scripts/init-premount ... done.
Begin: Mounting root file system ... Begin: Running /scripts/local-top ... done.
Begin: Running /scripts/local-premount ... [   18.074561] Btrfs loaded
Scanning for Btrfs filesystems
done.
Warning: fsck not present, so skipping root file system
[   18.211497] EXT4-fs (sda1): INFO: recovery required on readonly filesystem
[   18.223303] EXT4-fs (sda1): write access will be enabled during recovery
[   18.334404] EXT4-fs (sda1): recovery complete
[   18.356061] EXT4-fs (sda1): mounted filesystem with ordered data mode. Opts: (null)
done.
Begin: Running /scripts/local-bottom ... done.
Begin: Running /scripts/init-bottom ... done.
[   18.691889] systemd[1]: systemd 229 running in system mode. (+PAM +AUDIT +SELINUX +IMA +APPARMOR +SMACK +SYSVINIT +UTMP +LIBCRYPTSETUP +GCRYPT +GNUTLS +ACL +XZ -LZ4 +SECCOMP +BLKID +ELFUTILS +KMOD -IDN)
[   18.738616] systemd[1]: Detected virtualization oracle.
[   18.748209] systemd[1]: Detected architecture x86-64.

Welcome to [1mUbuntu 16.04.2 LTS[0m!

[   18.799119] systemd[1]: Set hostname to <xenb-3>.
[   18.902188] random: nonblocking pool is initialized
[   19.267378] systemd[1]: Created slice System Slice.
[[0;32m  OK  [0m] Created slice System Slice.
[   19.303496] systemd[1]: Created slice User and Session Slice.
[[0;32m  OK  [0m] Created slice User and Session Slice.
[   19.348176] systemd[1]: Listening on /dev/initctl Compatibility Named Pipe.
[[0;32m  OK  [0m] Listening on /dev/initctl Compatibility Named Pipe.
[   19.413720] systemd[1]: Started Forward Password Requests to Wall Directory Watch.
[[0;32m  OK  [0m] Started Forward Password Requests to Wall Directory Watch.
[   19.567038] systemd[1]: Reached target Swap.
[[0;32m  OK  [0m] Reached target Swap.
[   19.601636] systemd[1]: Reached target Encrypted Volumes.
[[0;32m  OK  [0m] Reached target Encrypted Volumes.
[   19.658915] systemd[1]: Listening on Journal Socket.
[[0;32m  OK  [0m] Listening on Journal Socket.
[   19.758116] systemd[1]: Starting Set console keymap...
         Starting Set console keymap...
[   19.890324] systemd[1]: Starting Uncomplicated firewall...
         Starting Uncomplicated firewall...
[   19.966150] systemd[1]: Starting Load Kernel Modules...
         Starting Load Kernel Modules...
[   20.092174] Loading iSCSI transport class v2.0-870.
[   20.093739] systemd[1]: Starting Remount Root and Kernel File Systems...
[   20.102163] EXT4-fs (sda1): re-mounted. Opts: (null)
         Starting Remount Root and Kernel File Systems...
[   20.211544] iscsi: registered transport (tcp)
[   20.246711] systemd[1]: Mounting Debug File System...
         Mounting Debug File System...
[   20.277142] systemd[1]: Created slice system-serial\x2dgetty.slice.
[[0;32m  OK  [0m] Created slice system-serial\x2dgetty.slice.
[   20.349594] iscsi: registered transport (iser)
[   20.350030] systemd[1]: Listening on Syslog Socket.
[[0;32m  OK  [0m] Listening on Syslog Socket.
[   20.410376] systemd[1]: Listening on Journal Socket (/dev/log).
[[0;32m  OK  [0m] Listening on Journal Socket (/dev/log).
[   20.459059] systemd[1]: Reached target Slices.
[[0;32m  OK  [0m] Reached target Slices.
[   20.527143] systemd[1]: Mounting POSIX Message Queue File System...
         Mounting POSIX Message Queue File System...
[   20.589745] systemd[1]: Listening on udev Kernel Socket.
[[0;32m  OK  [0m] Listening on udev Kernel Socket.
[   20.661740] systemd[1]: Listening on LVM2 poll daemon socket.
[[0;32m  OK  [0m] Listening on LVM2 poll daemon socket.
[   20.753684] systemd[1]: Reached target User and Group Name Lookups.
[[0;32m  OK  [0m] Reached target User and Group Name Lookups.
[   20.777667] systemd[1]: Listening on Journal Audit Socket.
[[0;32m  OK  [0m] Listening on Journal Audit Socket.
[   20.829749] systemd[1]: Starting Journal Service...
         Starting Journal Service...
[   20.852756] systemd[1]: Starting Create list of required static device nodes for the current kernel...
         Starting Create list of required st... nodes for the current kernel...
[   20.931001] systemd[1]: Set up automount Arbitrary Executable File Formats File System Automount Point.
[[0;32m  OK  [0m] Set up automount Arbitrary Executab...ats File System Automount Point.
[   20.976542] systemd[1]: Listening on udev Control Socket.
[[0;32m  OK  [0m] Listening on udev Control Socket.
[   21.133775] systemd[1]: Listening on LVM2 metadata daemon socket.
[[0;32m  OK  [0m] Listening on LVM2 metadata daemon socket.
[   21.203011] systemd[1]: Listening on Device-mapper event daemon FIFOs.
[[0;32m  OK  [0m] Listening on Device-mapper event daemon FIFOs.
[   21.489334] systemd[1]: Starting Monitoring of LVM2 mirrors, snapshots etc. using dmeventd or progress polling...
         Starting Monitoring of LVM2 mirrors... dmeventd or progress polling...
[   21.558682] systemd[1]: Starting Nameserver information manager...
         Starting Nameserver information manager...
[   21.649499] systemd[1]: Mounting Huge Pages File System...
         Mounting Huge Pages File System...
[   21.718953] systemd[1]: Mounted POSIX Message Queue File System.
[[0;32m  OK  [0m] Mounted POSIX Message Queue File System.
[   21.834001] systemd[1]: Mounted Debug File System.
[[0;32m  OK  [0m] Mounted Debug File System.
[   22.004287] systemd[1]: Mounted Huge Pages File System.
[[0;32m  OK  [0m] Mounted Huge Pages File System.
[   22.055980] systemd[1]: Started Journal Service.
[[0;32m  OK  [0m] Started Journal Service.
[[0;32m  OK  [0m] Started Set console keymap.
[[0;32m  OK  [0m] Started Uncomplicated firewall.
[[0;32m  OK  [0m] Started Load Kernel Modules.
[[0;32m  OK  [0m] Started Remount Root and Kernel File Systems.
[[0;32m  OK  [0m] Started Create list of required sta...ce nodes for the current kernel.
[[0;32m  OK  [0m] Started Nameserver information manager.
[[0;32m  OK  [0m] Started LVM2 metadata daemon.
         Starting Create Static Device Nodes in /dev...
         Starting Initial cloud-init job (pre-networking)...
         Starting udev Coldplug all Devices...
         Starting Load/Save Random Seed...
         Mounting FUSE Control File System...
         Starting Apply Kernel Variables...
         Starting Flush Journal to Persistent Storage...
[[0;32m  OK  [0m] Mounted FUSE Control File System.
[[0;32m  OK  [0m] Started Monitoring of LVM2 mirrors,...ng dmeventd or progress polling.
[[0;32m  OK  [0m] Started Create Static Device Nodes in /dev.
[[0;32m  OK  [0m] Started Load/Save Random Seed.
[[0;32m  OK  [0m] Started Apply Kernel Variables.
[[0;32m  OK  [0m] Started udev Coldplug all Devices.
[[0;32m  OK  [0m] Started Flush Journal to Persistent Storage.
         Starting udev Kernel Device Manager...
[[0;32m  OK  [0m] Started udev Kernel Device Manager.
[[0;32m  OK  [0m] Reached target Local File Systems (Pre).
[[0;32m  OK  [0m] Reached target Local File Systems.
         Starting Create Volatile Files and Directories...
         Starting Tell Plymouth To Write Out Runtime Data...
         Starting Set console font and keymap...
         Starting LSB: AppArmor initialization...
[[0;32m  OK  [0m] Started Dispatch Password Requests to Console Directory Watch.
[[0;32m  OK  [0m] Started Create Volatile Files and Directories.
[[0;32m  OK  [0m] Started Tell Plymouth To Write Out Runtime Data.
         Starting Update UTMP about System Boot/Shutdown...
[[0;32m  OK  [0m] Reached target System Time Synchronized.
[[0;32m  OK  [0m] Started Update UTMP about System Boot/Shutdown.
[[0;32m  OK  [0m] Found device /dev/ttyS0.
[[0;32m  OK  [0m] Started LSB: AppArmor initialization.
[[0;32m  OK  [0m] Found device 82540EM Gigabit Ethern...r (PRO/1000 MT Desktop Adapter).
[[0;32m  OK  [0m] Found device 82540EM Gigabit Ethern...r (PRO/1000 MT Desktop Adapter).
[[0;32m  OK  [0m] Listening on Load/Save RF Kill Switch Status /dev/rfkill Watch.
[   22.348378] cloud-init[476]: Cloud-init v. 0.7.8 running 'init-local' at Sun, 12 Feb 2017 08:34:43 +0000. Up 21.62 seconds.
[[0;32m  OK  [0m] Started Initial cloud-init job (pre-networking).
[[0;32m  OK  [0m] Reached target Network (Pre).
[[0;32m  OK  [0m] Started ifup for enp0s8.
         Starting Raise network interfaces...
[[0;32m  OK  [0m] Started ifup for enp0s3.
[[0;32m  OK  [0m] Started Set console font and keymap.
[[0;32m  OK  [0m] Created slice system-getty.slice.
[[0;32m  OK  [0m] Started Raise network interfaces.
         Starting Initial cloud-init job (metadata service crawler)...
[[0;32m  OK  [0m] Reached target Network.
[   24.880275] cloud-init[1163]: Cloud-init v. 0.7.8 running 'init' at Sun, 12 Feb 2017 08:34:46 +0000. Up 24.36 seconds.
[   24.977123] cloud-init[1163]: ci-info: ++++++++++++++++++++++++++++++++++++++Net device info++++++++++++++++++++++++++++++++++++++
[   25.020830] [cloud-init[0;32m  OK  [0m[1163]: ] ci-info: +--------+------+-----------------------------+---------------+-------+-------------------+Started Initial cloud-init job (metadata service crawler).

[   25.021915] cloud-init[1163]: ci-info: | Device |  Up  |           Address           |      Mask     | Scope |     Hw-Address    |
[   25.058458] [cloud-init[0;32m  OK  [0m[1163]: ] ci-info: +--------+------+-----------------------------+---------------+-------+-------------------+Reached target Cloud-config availability.

[[0;32m  OK  [0m] Reached target Network is Online.
[   25.059411] cloud-init[1163]: ci-info: | enp0s3 | True |          10.0.2.15          | 255.255.255.0 |   .   | 02:e4:5b:1a:6e:ce |
         [   25.168409] Starting iSCSI initiator daemon (iscsid)...cloud-init
[1163]: ci-info: | enp0s3 | True |  fe80::e4:5bff:fe1a:6ece/64 |       .       |  link | 02:e4:5b:1a:6e:ce |
[   25.216806] cloud-init[1163]: ci-info: |   lo   | True |          127.0.0.1          |   255.0.0.0   |   .   |         .         |
[[0;32m  OK  [0m] Reached target System Initialization.
[   25.217884] cloud-init[1163]: ci-info: |   lo   | True |           ::1/128           |       .       |  host |         .         |
[   25.283136] cloud-init[1163]: ci-info: | enp0s8 | True |           10.4.5.3          | 255.255.255.0 |   .   | 08:00:27:fc:19:9b |
[[0;32m  OK  [0m] Started Trigger resolvconf update for networkd DNS.
[   25.283607] cloud-init[1163]: ci-info: | enp0s8 | True | fe80::a00:27ff:fefc:199b/64 |       .       |  link | 08:00:27:fc:19:9b |
[[   25.382249] [0;32m  OK  [0mcloud-init] [1163]: Started Daily Cleanup of Temporary Directories.ci-info: +--------+------+-----------------------------+---------------+-------+-------------------+

[[   25.383777] cloud-init[1163]: ci-info: +++++++++++++++++++++++++++Route IPv4 info++++++++++++++++++++++++++++
[   25.625640] cloud-init[1163]: ci-info: +-------+-------------+----------+---------------+-----------+-------+
[0;32m  OK  [0m] Listening on D-Bus System Message Bus Socket.
[[0;32m  OK  [0m[   25.625999] ] cloud-initStarted Timer to automatically refresh installed snaps.[1163]: 
ci-info: | Route | Destination | Gateway  |    Genmask    | Interface | Flags |
[   25.896719] cloud-init[1163]: ci-info: +-------+-------------+----------+---------------+-----------+-------+
[   25.897264] cloud-init[1163]: ci-info: |   0   |   0.0.0.0   | 10.0.2.2 |    0.0.0.0    |   enp0s3  |   UG  |
[[0;32m  OK  [0m] Started Daily apt activities.
[   25.897590] cloud-init[1163]: ci-info: |   1   |   10.0.2.0  | 0.0.0.0  | 255.255.255.0 |   enp0s3  |   U   |
[[0;32m  OK  [0m] Reached target Timers.
[   26.054043] cloud-init[1163]: ci-info: |   2   |   10.4.5.0  | 0.0.0.0  | 255.255.255.0 |   enp0s8  |   U   |
[   26.157578] cloud-init[1163]: ci-info: +-------+-------------+----------+---------------+-----------+-------+
[[0;32m  OK  [0m] Listening on UUID daemon activation socket.
         Starting Socket activation for snappy daemon.
[[0;32m  OK  [0m] Listening on ACPID Listen Socket.
         Starting LXD - unix socket.
[[0;32m  OK  [0m] Started ACPI Events Check.
[[0;32m  OK  [0m] Reached target Paths.
[[0;32m  OK  [0m] Listening on Socket activation for snappy daemon.
[[0;32m  OK  [0m] Listening on LXD - unix socket.
[[0;32m  OK  [0m] Started iSCSI initiator daemon (iscsid).
         Starting Login to default iSCSI targets...
[[0;32m  OK  [0m] Reached target Sockets.
[[0;32m  OK  [0m] Reached target Basic System.
[[0;32m  OK  [0m] Started FUSE filesystem for LXC.
         Starting Login Service...
[[0;32m  OK  [0m] Started Deferred execution scheduler.
         Starting Accounts Service...
         Starting LSB: Record successful boot for GRUB...
         Starting System Logging Service...
[[0;32m  OK  [0m] Started Regular background program processing daemon.
[[0;32m  OK  [0m] Started D-Bus System Message Bus.
         Starting Apply the settings specified in cloud-config...
         Starting LSB: MD monitoring daemon...
[[0;32m  OK  [0m] Started Snappy daemon.
         Starting LXD - container startup/shutdown...
         Starting /etc/rc.local Compatibility...
         Starting Daily apt activities...
[[0;32m  OK  [0m] Started ACPI event daemon.
         Starting OpenBSD Secure Shell server...
         Starting Auto import assertions from block devices...
[[0;32m  OK  [0m] Started System Logging Service.
[[0;32m  OK  [0m] Started OpenBSD Secure Shell server.
[[0;32m  OK  [0m] Started LXD - container startup/shutdown.
[[0;32m  OK  [0m] Started /etc/rc.local Compatibility.
[[0;32m  OK  [0m] Started Auto import assertions from block devices.
[[0;32m  OK  [0m] Started Login to default iSCSI targets.
[[0;32m  OK  [0m] Started LSB: Record successful boot for GRUB.
[[0;32m  OK  [0m] Started LSB: MD monitoring daemon.
[[0;32m  OK  [0m] Started Login Service.
         Starting Authenticate and Authorize Users to Run Privileged Tasks...
[[0;32m  OK  [0m] Reached target Remote File Systems (Pre).
[[0;32m  OK  [0m] Reached target Remote File Systems.
         Starting LSB: Set the CPU Frequency Scaling governor to "ondemand"...
         Starting LSB: automatic crash report generation...
         Starting LSB: daemon to balance interrupts for SMP systems...
         Starting LSB: VirtualBox Linux Additions...
         Starting Permit User Sessions...
[[0;32m  OK  [0m] Started Permit User Sessions.
[[0;32m  OK  [0m] Started Authenticate and Authorize Users to Run Privileged Tasks.
[[0;32m  OK  [0m] Started Accounts Service.
         Starting Hold until boot process finishes up...
         Starting Terminate Plymouth Boot Screen...
[[0;32m  OK  [0m] Started LSB: Set the CPU Frequency Scaling governor to "ondemand".
[[0;32m  OK  [0m] Started LSB: automatic crash report generation.
[[0;32m  OK  [0m] Started LSB: daemon to balance interrupts for SMP systems.
[[0;32m  OK  [0m] Started Hold until boot process finishes up.
[[0;32m  OK  [0m] Started Terminate Plymouth Boot Screen.
[[0;32m  OK  [0m] Created slice User Slice of ubuntu.
         Starting User Manager for UID 1000...
[[0;32m  OK  [0m] Started Session 1 of user ubuntu.
         Starting Set console scheme...
[[0;32m  OK  [0m] Started Getty on tty1.
[[0;32m  OK  [0m] Started Serial Getty on ttyS0.
[[0;32m  OK  [0m] Reached target Login Prompts.
[[0;32m  OK  [0m] Started User Manager for UID 1000.
[[0;32m  OK  [0m] Started LSB: VirtualBox Linux Additions.
[[0;32m  OK  [0m] Started Set console scheme.
[[0;32m  OK  [0m] Reached target Multi-User System.
[[0;32m  OK  [0m] Reached target Graphical Interface.
         Starting Update UTMP about System Runlevel Changes...
[   28.251656] cloud-init[1259]: Cloud-init v. 0.7.8 running 'modules:config' at Sun, 12 Feb 2017 08:34:50 +0000. Up 28.11 seconds.
[[0;32m  OK  [0m] Started Update UTMP about System Runlevel Changes.
[[0;32m  OK  [0m] Started Apply the settings specified in cloud-config.
         Starting Execute cloud user/final scripts...
[   30.393118] cloud-init[1459]: Cloud-init v. 0.7.8 running 'modules:final' at Sun, 12 Feb 2017 08:34:51 +0000. Up 29.82 seconds.
[   30.421166] cloud-init[1459]: Cloud-init v. 0.7.8 finished at Sun, 12 Feb 2017 08:34:52 +0000. Datasource DataSourceNoCloud [seed=/dev/sdb][dsmode=net].  Up 30.35 seconds
[[0;32m  OK  [0m] Started Execute cloud user/final scripts.
[[0;32m  OK  [0m] Reached target Cloud-init target.
         Stopping User Manager for UID 1000...
[[0;32m  OK  [0m] Stopped User Manager for UID 1000.
[[0;32m  OK  [0m] Removed slice User Slice of ubuntu.

Ubuntu 16.04.2 LTS xenb-3 ttyS0

xenb-3 login: 