[    0.000000] Initializing cgroup subsys cpuset
[    0.000000] Initializing cgroup subsys cpu
[    0.000000] Initializing cgroup subsys cpuacct
[    0.000000] Linux version 4.4.0-62-generic (buildd@lcy01-30) (gcc version 5.4.0 20160609 (Ubuntu 5.4.0-6ubuntu1~16.04.4) ) #83-Ubuntu SMP Wed Jan 18 14:10:15 UTC 2017 (Ubuntu 4.4.0-62.83-generic 4.4.40)
[    0.000000] Command line: BOOT_IMAGE=/boot/vmlinuz-4.4.0-62-generic root=LABEL=cloudimg-rootfs ro console=tty1 console=ttyS0
[    0.000000] KERNEL supported cpus:
[    0.000000]   Intel GenuineIntel
[    0.000000]   AMD AuthenticAMD
[    0.000000]   Centaur CentaurHauls
[    0.000000] x86/fpu: xstate_offset[2]:  576, xstate_sizes[2]:  256
[    0.000000] x86/fpu: Supporting XSAVE feature 0x01: 'x87 floating point registers'
[    0.000000] x86/fpu: Supporting XSAVE feature 0x02: 'SSE registers'
[    0.000000] x86/fpu: Supporting XSAVE feature 0x04: 'AVX registers'
[    0.000000] x86/fpu: Enabled xstate features 0x7, context size is 832 bytes, using 'standard' format.
[    0.000000] x86/fpu: Using 'lazy' FPU context switches.
[    0.000000] e820: BIOS-provided physical RAM map:
[    0.000000] BIOS-e820: [mem 0x0000000000000000-0x000000000009fbff] usable
[    0.000000] BIOS-e820: [mem 0x000000000009fc00-0x000000000009ffff] reserved
[    0.000000] BIOS-e820: [mem 0x00000000000f0000-0x00000000000fffff] reserved
[    0.000000] BIOS-e820: [mem 0x0000000000100000-0x000000001ffeffff] usable
[    0.000000] BIOS-e820: [mem 0x000000001fff0000-0x000000001fffffff] ACPI data
[    0.000000] BIOS-e820: [mem 0x00000000fec00000-0x00000000fec00fff] reserved
[    0.000000] BIOS-e820: [mem 0x00000000fee00000-0x00000000fee00fff] reserved
[    0.000000] BIOS-e820: [mem 0x00000000fffc0000-0x00000000ffffffff] reserved
[    0.000000] NX (Execute Disable) protection: active
[    0.000000] SMBIOS 2.5 present.
[    0.000000] Hypervisor detected: KVM
[    0.000000] e820: last_pfn = 0x1fff0 max_arch_pfn = 0x400000000
[    0.000000] MTRR: Disabled
[    0.000000] x86/PAT: MTRRs disabled, skipping PAT initialization too.
[    0.000000] x86/PAT: Configuration [0-7]: WB  WT  UC- UC  WB  WT  UC- UC  
[    0.000000] CPU MTRRs all blank - virtualized system.
[    0.000000] found SMP MP-table at [mem 0x0009fff0-0x0009ffff] mapped at [ffff88000009fff0]
[    0.000000] Scanning 1 areas for low memory corruption
[    0.000000] RAMDISK: [mem 0x1ed11000-0x1f75bfff]
[    0.000000] ACPI: Early table checksum verification disabled
[    0.000000] ACPI: RSDP 0x00000000000E0000 000024 (v02 VBOX  )
[    0.000000] ACPI: XSDT 0x000000001FFF0030 00003C (v01 VBOX   VBOXXSDT 00000001 ASL  00000061)
[    0.000000] ACPI: FACP 0x000000001FFF00F0 0000F4 (v04 VBOX   VBOXFACP 00000001 ASL  00000061)
[    0.000000] ACPI: DSDT 0x000000001FFF0470 00210F (v01 VBOX   VBOXBIOS 00000002 INTL 20100528)
[    0.000000] ACPI: FACS 0x000000001FFF0200 000040
[    0.000000] ACPI: FACS 0x000000001FFF0200 000040
[    0.000000] ACPI: APIC 0x000000001FFF0240 00005C (v02 VBOX   VBOXAPIC 00000001 ASL  00000061)
[    0.000000] ACPI: SSDT 0x000000001FFF02A0 0001CC (v01 VBOX   VBOXCPUT 00000002 INTL 20100528)
[    0.000000] No NUMA configuration found
[    0.000000] Faking a node at [mem 0x0000000000000000-0x000000001ffeffff]
[    0.000000] NODE_DATA(0) allocated [mem 0x1ffeb000-0x1ffeffff]
[    0.000000] kvm-clock: Using msrs 4b564d01 and 4b564d00
[    0.000000] kvm-clock: cpu 0, msr 0:1ffe3001, primary cpu clock
[    0.000000] kvm-clock: using sched offset of 3501164252 cycles
[    0.000000] clocksource: kvm-clock: mask: 0xffffffffffffffff max_cycles: 0x1cd42e4dffb, max_idle_ns: 881590591483 ns
[    0.000000] Zone ranges:
[    0.000000]   DMA      [mem 0x0000000000001000-0x0000000000ffffff]
[    0.000000]   DMA32    [mem 0x0000000001000000-0x000000001ffeffff]
[    0.000000]   Normal   empty
[    0.000000]   Device   empty
[    0.000000] Movable zone start for each node
[    0.000000] Early memory node ranges
[    0.000000]   node   0: [mem 0x0000000000001000-0x000000000009efff]
[    0.000000]   node   0: [mem 0x0000000000100000-0x000000001ffeffff]
[    0.000000] Initmem setup node 0 [mem 0x0000000000001000-0x000000001ffeffff]
[    0.000000] ACPI: PM-Timer IO Port: 0x4008
[    0.000000] IOAPIC[0]: apic_id 2, version 32, address 0xfec00000, GSI 0-23
[    0.000000] ACPI: INT_SRC_OVR (bus 0 bus_irq 0 global_irq 2 dfl dfl)
[    0.000000] ACPI: INT_SRC_OVR (bus 0 bus_irq 9 global_irq 9 high level)
[    0.000000] Using ACPI (MADT) for SMP configuration information
[    0.000000] smpboot: Allowing 2 CPUs, 0 hotplug CPUs
[    0.000000] PM: Registered nosave memory: [mem 0x00000000-0x00000fff]
[    0.000000] PM: Registered nosave memory: [mem 0x0009f000-0x0009ffff]
[    0.000000] PM: Registered nosave memory: [mem 0x000a0000-0x000effff]
[    0.000000] PM: Registered nosave memory: [mem 0x000f0000-0x000fffff]
[    0.000000] e820: [mem 0x20000000-0xfebfffff] available for PCI devices
[    0.000000] Booting paravirtualized kernel on KVM
[    0.000000] clocksource: refined-jiffies: mask: 0xffffffff max_cycles: 0xffffffff, max_idle_ns: 7645519600211568 ns
[    0.000000] setup_percpu: NR_CPUS:512 nr_cpumask_bits:512 nr_cpu_ids:2 nr_node_ids:1
[    0.000000] PERCPU: Embedded 33 pages/cpu @ffff88001fc00000 s98264 r8192 d28712 u1048576
[    0.000000] PV qspinlock hash table entries: 256 (order: 0, 4096 bytes)
[    0.000000] Built 1 zonelists in Node order, mobility grouping on.  Total pages: 128889
[    0.000000] Policy zone: DMA32
[    0.000000] Kernel command line: BOOT_IMAGE=/boot/vmlinuz-4.4.0-62-generic root=LABEL=cloudimg-rootfs ro console=tty1 console=ttyS0
[    0.000000] PID hash table entries: 2048 (order: 2, 16384 bytes)
[    0.000000] Memory: 485960K/523832K available (8436K kernel code, 1291K rwdata, 3960K rodata, 1488K init, 1316K bss, 37872K reserved, 0K cma-reserved)
[    0.000000] SLUB: HWalign=64, Order=0-3, MinObjects=0, CPUs=2, Nodes=1
[    0.000000] Hierarchical RCU implementation.
[    0.000000] 	Build-time adjustment of leaf fanout to 64.
[    0.000000] 	RCU restricting CPUs from NR_CPUS=512 to nr_cpu_ids=2.
[    0.000000] RCU: Adjusting geometry for rcu_fanout_leaf=64, nr_cpu_ids=2
[    0.000000] NR_IRQS:33024 nr_irqs:440 16
[    0.000000] Console: colour VGA+ 80x25
[    0.000000] console [tty1] enabled
[    0.000000] console [ttyS0] enabled
[    0.000000] tsc: Detected 1099.999 MHz processor
[    3.445612] Calibrating delay loop (skipped) preset value.. 2199.99 BogoMIPS (lpj=4399996)
[    3.512949] pid_max: default: 32768 minimum: 301
[    3.525602] ACPI: Core revision 20150930
[    3.533924] ACPI: 2 ACPI AML tables successfully acquired and loaded
[    3.551499] Security Framework initialized
[    3.553479] Yama: becoming mindful.
[    3.554846] AppArmor: AppArmor initialized
[    3.556886] Dentry cache hash table entries: 65536 (order: 7, 524288 bytes)
[    3.567795] Inode-cache hash table entries: 32768 (order: 6, 262144 bytes)
[    3.570585] Mount-cache hash table entries: 1024 (order: 1, 8192 bytes)
[    3.579447] Mountpoint-cache hash table entries: 1024 (order: 1, 8192 bytes)
[    3.592428] Initializing cgroup subsys io
[    3.600695] Initializing cgroup subsys memory
[    3.606678] Initializing cgroup subsys devices
[    3.621935] Initializing cgroup subsys freezer
[    3.629572] Initializing cgroup subsys net_cls
[    3.637054] Initializing cgroup subsys perf_event
[    3.661090] Initializing cgroup subsys net_prio
[    3.716842] Initializing cgroup subsys hugetlb
[    3.726359] Initializing cgroup subsys pids
[    3.741866] CPU: Physical Processor ID: 0
[    3.743324] CPU: Processor Core ID: 0
[    3.755042] mce: CPU supports 0 MCE banks
[    3.778188] Last level iTLB entries: 4KB 64, 2MB 8, 4MB 8
[    3.793232] Last level dTLB entries: 4KB 64, 2MB 0, 4MB 0, 1GB 4
[    3.800306] Freeing SMP alternatives memory: 32K (ffffffff820b8000 - ffffffff820c0000)
[    3.822250] ftrace: allocating 32065 entries in 126 pages
[    3.928158] smpboot: APIC(0) Converting physical 0 to logical package 0
[    3.997125] smpboot: Max logical packages: 1
[    4.033535] x2apic enabled
[    4.054785] Switched APIC routing to physical x2apic.
[    4.072847] ..TIMER: vector=0x30 apic1=0 pin1=2 apic2=-1 pin2=-1
[    4.220182] smpboot: CPU0: Intel(R) Core(TM) M-5Y31 CPU @ 0.90GHz (family: 0x6, model: 0x3d, stepping: 0x4)
[    4.371788] Performance Events: unsupported p6 CPU model 61 no PMU driver, software events only.
[    4.435322] KVM setup paravirtual spinlock
[    4.499240] x86: Booting SMP configuration:
[    4.541149] .... node  #0, CPUs:      #1
[    4.587361] kvm-clock: cpu 1, msr 0:1ffe3041, secondary cpu clock
[    4.605909] mce: CPU supports 0 MCE banks
[    4.618211] x86: Booted up 1 node, 2 CPUs
[    4.671080] smpboot: Total of 2 processors activated (4399.99 BogoMIPS)
[    4.702550] devtmpfs: initialized
[    4.705822] evm: security.selinux
[    4.708144] evm: security.SMACK64
[    4.709598] evm: security.SMACK64EXEC
[    4.717992] evm: security.SMACK64TRANSMUTE
[    4.719697] evm: security.SMACK64MMAP
[    4.721086] evm: security.ima
[    4.729168] evm: security.capability
[    4.734913] clocksource: jiffies: mask: 0xffffffff max_cycles: 0xffffffff, max_idle_ns: 7645041785100000 ns
[    4.753846] pinctrl core: initialized pinctrl subsystem
[    4.763635] RTC time: 14:03:06, date: 02/11/17
[    4.771287] NET: Registered protocol family 16
[    4.791131] cpuidle: using governor ladder
[    4.811143] cpuidle: using governor menu
[    4.819322] PCCT header not found.
[    4.825044] ACPI: bus type PCI registered
[    4.835598] acpiphp: ACPI Hot Plug PCI Controller Driver version: 0.5
[    4.846619] PCI: Using configuration type 1 for base access
[    4.875320] ACPI: Added _OSI(Module Device)
[    4.914543] ACPI: Added _OSI(Processor Device)
[    4.947504] ACPI: Added _OSI(3.0 _SCP Extensions)
[    4.976565] ACPI: Added _OSI(Processor Aggregator Device)
[    5.000824] ACPI: Executed 1 blocks of module-level executable AML code
[    5.053027] ACPI: Interpreter enabled
[    5.072644] ACPI: (supports S0 S5)
[    5.099500] ACPI: Using IOAPIC for interrupt routing
[    5.122311] PCI: Using host bridge windows from ACPI; if necessary, use "pci=nocrs" and report a bug
[    5.210442] ACPI: PCI Root Bridge [PCI0] (domain 0000 [bus 00-ff])
[    5.273829] acpi PNP0A03:00: _OSC: OS supports [ASPM ClockPM Segments MSI]
[    5.337009] acpi PNP0A03:00: _OSC failed (AE_NOT_FOUND); disabling ASPM
[    5.400576] acpi PNP0A03:00: fail to add MMCONFIG information, can't access extended PCI configuration space under this bridge.
[    5.521729] PCI host bridge to bus 0000:00
[    5.523052] pci_bus 0000:00: root bus resource [io  0x0000-0x0cf7 window]
[    5.575696] pci_bus 0000:00: root bus resource [io  0x0d00-0xffff window]
[    5.620126] pci_bus 0000:00: root bus resource [mem 0x000a0000-0x000bffff window]
[    5.624126] pci_bus 0000:00: root bus resource [mem 0x20000000-0xffdfffff window]
[    5.704838] pci_bus 0000:00: root bus resource [bus 00-ff]
[    5.729928] pci 0000:00:01.1: legacy IDE quirk: reg 0x10: [io  0x01f0-0x01f7]
[    5.760769] pci 0000:00:01.1: legacy IDE quirk: reg 0x14: [io  0x03f6]
[    5.837637] pci 0000:00:01.1: legacy IDE quirk: reg 0x18: [io  0x0170-0x0177]
[    5.875485] pci 0000:00:01.1: legacy IDE quirk: reg 0x1c: [io  0x0376]
[    5.919004] pci 0000:00:07.0: quirk: [io  0x4000-0x403f] claimed by PIIX4 ACPI
[    5.957565] pci 0000:00:07.0: quirk: [io  0x4100-0x410f] claimed by PIIX4 SMB
[    6.009923] ACPI: PCI Interrupt Link [LNKA] (IRQs 5 9 10 *11)
[    6.018108] ACPI: PCI Interrupt Link [LNKB] (IRQs 5 9 10 *11)
[    6.038835] ACPI: PCI Interrupt Link [LNKC] (IRQs 5 9 *10 11)
[    6.080321] ACPI: PCI Interrupt Link [LNKD] (IRQs 5 *9 10 11)
[    6.131866] ACPI: Enabled 2 GPEs in block 00 to 07
[    6.134471] vgaarb: setting as boot device: PCI:0000:00:02.0
[    6.142172] vgaarb: device added: PCI:0000:00:02.0,decodes=io+mem,owns=io+mem,locks=none
[    6.145347] vgaarb: loaded
[    6.146643] vgaarb: bridge control possible 0000:00:02.0
[    6.149171] SCSI subsystem initialized
[    6.153194] ACPI: bus type USB registered
[    6.194637] usbcore: registered new interface driver usbfs
[    6.252085] usbcore: registered new interface driver hub
[    6.346522] usbcore: registered new device driver usb
[    6.399671] PCI: Using ACPI for IRQ routing
[    6.476497] NetLabel: Initializing
[    6.526465] NetLabel:  domain hash size = 128
[    6.540027] NetLabel:  protocols = UNLABELED CIPSOv4
[    6.562433] NetLabel:  unlabeled traffic allowed by default
[    6.689036] amd_nb: Cannot enumerate AMD northbridges
[    6.754137] clocksource: Switched to clocksource kvm-clock
[    6.845263] AppArmor: AppArmor Filesystem Enabled
[    6.873224] pnp: PnP ACPI init
[    6.892804] pnp: PnP ACPI: found 3 devices
[    6.980851] clocksource: acpi_pm: mask: 0xffffff max_cycles: 0xffffff, max_idle_ns: 2085701024 ns
[    7.052617] NET: Registered protocol family 2
[    7.055920] TCP established hash table entries: 4096 (order: 3, 32768 bytes)
[    7.086404] TCP bind hash table entries: 4096 (order: 4, 65536 bytes)
[    7.116537] TCP: Hash tables configured (established 4096 bind 4096)
[    7.174052] UDP hash table entries: 256 (order: 1, 8192 bytes)
[    7.208295] UDP-Lite hash table entries: 256 (order: 1, 8192 bytes)
[    7.225354] NET: Registered protocol family 1
[    7.228131] pci 0000:00:00.0: Limiting direct PCI/PCI transfers
[    7.277589] pci 0000:00:01.0: Activating ISA DMA hang workarounds
[    7.336669] Trying to unpack rootfs image as initramfs...
[   10.018693] Freeing initrd memory: 10540K (ffff88001ed11000 - ffff88001f75c000)
[   10.093504] RAPL PMU detected, API unit is 2^-32 Joules, 4 fixed counters 10737418240 ms ovfl timer
[   10.124330] hw unit of domain pp0-core 2^-0 Joules
[   10.151056] hw unit of domain package 2^-0 Joules
[   10.191576] hw unit of domain dram 2^-0 Joules
[   10.193122] hw unit of domain pp1-gpu 2^-0 Joules
[   10.209287] platform rtc_cmos: registered platform RTC device (no PNP device found)
[   10.271166] Scanning for low memory corruption every 60 seconds
[   10.282449] futex hash table entries: 512 (order: 3, 32768 bytes)
[   10.323908] audit: initializing netlink subsys (disabled)
[   10.347825] audit: type=2000 audit(1486821791.207:1): initialized
[   10.427517] Initialise system trusted keyring
[   10.487582] HugeTLB registered 2 MB page size, pre-allocated 0 pages
[   10.525256] zbud: loaded
[   10.550748] VFS: Disk quotas dquot_6.6.0
[   10.557925] VFS: Dquot-cache hash table entries: 512 (order 0, 4096 bytes)
[   10.562542] squashfs: version 4.0 (2009/01/31) Phillip Lougher
[   10.567422] fuse init (API version 7.23)
[   10.575106] Key type big_key registered
[   10.577169] Allocating IMA MOK and blacklist keyrings.
[   10.583087] Key type asymmetric registered
[   10.587654] Asymmetric key parser 'x509' registered
[   10.592010] Block layer SCSI generic (bsg) driver version 0.4 loaded (major 249)
[   10.606547] io scheduler noop registered
[   10.617536] io scheduler deadline registered (default)
[   10.629842] io scheduler cfq registered
[   10.637257] pci_hotplug: PCI Hot Plug PCI Core version: 0.5
[   10.651234] pciehp: PCI Express Hot Plug Controller Driver version: 0.4
[   10.664902] ACPI: AC Adapter [AC] (off-line)
[   10.672724] input: Power Button as /devices/LNXSYSTM:00/LNXPWRBN:00/input/input0
[   10.690457] ACPI: Power Button [PWRF]
[   10.789135] input: Sleep Button as /devices/LNXSYSTM:00/LNXSLPBN:00/input/input1
[   10.830961] ACPI: Sleep Button [SLPF]
[   10.893977] GHES: HEST is not enabled!
[   10.895638] ACPI: Battery Slot [BAT0] (battery present)
[   11.023047] Serial: 8250/16550 driver, 32 ports, IRQ sharing enabled
[   11.180482] 00:02: ttyS0 at I/O 0x3f8 (irq = 4, base_baud = 115200) is a 16550A
[   11.207068] tsc: Refined TSC clocksource calibration: 1099.275 MHz
[   11.207071] clocksource: tsc: mask: 0xffffffffffffffff max_cycles: 0xfd86c7902b, max_idle_ns: 440795210312 ns
[   11.456461] Linux agpgart interface v0.103
[   11.483578] brd: module loaded
[   11.494522] loop: module loaded
[   11.518658] scsi host0: ata_piix
[   11.551848] scsi host1: ata_piix
[   11.584615] ata1: PATA max UDMA/33 cmd 0x1f0 ctl 0x3f6 bmdma 0xd000 irq 14
[   11.649313] ata2: PATA max UDMA/33 cmd 0x170 ctl 0x376 bmdma 0xd008 irq 15
[   11.695391] libphy: Fixed MDIO Bus: probed
[   11.720503] tun: Universal TUN/TAP device driver, 1.6
[   11.744970] tun: (C) 1999-2004 Max Krasnyansky <maxk@qualcomm.com>
[   11.747559] PPP generic driver version 2.4.2
[   11.750072] ehci_hcd: USB 2.0 'Enhanced' Host Controller (EHCI) Driver
[   11.753782] ehci-pci: EHCI PCI platform driver
[   11.764591] ehci-platform: EHCI generic platform driver
[   11.778681] ohci_hcd: USB 1.1 'Open' Host Controller (OHCI) Driver
[   11.789516] ohci-pci: OHCI PCI platform driver
[   11.802357] ohci-platform: OHCI generic platform driver
[   11.814013] uhci_hcd: USB Universal Host Controller Interface driver
[   11.822150] i8042: PNP: PS/2 Controller [PNP0303:PS2K,PNP0f03:PS2M] at 0x60,0x64 irq 1,12
[   11.840452] serio: i8042 KBD port at 0x60,0x64 irq 1
[   11.849843] serio: i8042 AUX port at 0x60,0x64 irq 12
[   11.859827] mousedev: PS/2 mouse device common for all mice
[   11.875010] input: AT Translated Set 2 keyboard as /devices/platform/i8042/serio0/input/input2
[   11.882738] rtc_cmos rtc_cmos: rtc core: registered rtc_cmos as rtc0
[   11.882831] rtc_cmos rtc_cmos: alarms up to one day, 114 bytes nvram
[   11.882844] i2c /dev entries driver
[   11.882924] device-mapper: uevent: version 1.0.3
[   11.883012] device-mapper: ioctl: 4.34.0-ioctl (2015-10-28) initialised: dm-devel@redhat.com
[   11.883031] ledtrig-cpu: registered to indicate activity on CPUs
[   11.902738] NET: Registered protocol family 10
[   11.902934] NET: Registered protocol family 17
[   11.902945] Key type dns_resolver registered
[   11.922108] microcode: CPU0 sig=0x306d4, pf=0x40, revision=0x0
[   11.922154] microcode: CPU1 sig=0x306d4, pf=0x40, revision=0x0
[   11.922244] microcode: Microcode Update Driver: v2.01 <tigran@aivazian.fsnet.co.uk>, Peter Oruba
[   11.922418] registered taskstats version 1
[   11.922441] Loading compiled-in X.509 certificates
[   11.923307] Loaded X.509 cert 'Build time autogenerated kernel key: a630254739635d6fdc487c9f0afa5d9a0ff04f04'
[   11.923330] zswap: loaded using pool lzo/zbud
[   11.925305] Key type trusted registered
[   11.929112] Key type encrypted registered
[   11.929121] AppArmor: AppArmor sha1 policy hashing enabled
[   11.929125] ima: No TPM chip found, activating TPM-bypass!
[   11.929153] evm: HMAC attrs: 0x1
[   11.929546]   Magic number: 5:797:80
[   11.957192] rtc_cmos rtc_cmos: setting system clock to 2017-02-11 14:03:13 UTC (1486821793)
[   11.957361] BIOS EDD facility v0.16 2004-Jun-25, 0 devices found
[   11.957361] EDD information not available.
[   12.387257] Freeing unused kernel memory: 1488K (ffffffff81f44000 - ffffffff820b8000)
[   12.407370] Write protecting the kernel read-only data: 14336k
[   12.420861] Freeing unused kernel memory: 1792K (ffff880001840000 - ffff880001a00000)
[   12.440947] Freeing unused kernel memory: 136K (ffff880001dde000 - ffff880001e00000)
Loading, please wait...
starting version 229
[   12.513803] random: systemd-udevd: uninitialized urandom read (16 bytes read, 5 bits of entropy available)
[   12.518820] random: udevadm: uninitialized urandom read (16 bytes read, 5 bits of entropy available)
[   12.519202] random: udevadm: uninitialized urandom read (16 bytes read, 5 bits of entropy available)
[   12.519970] random: udevadm: uninitialized urandom read (16 bytes read, 5 bits of entropy available)
[   12.520284] random: udevadm: uninitialized urandom read (16 bytes read, 5 bits of entropy available)
[   12.520583] random: udevadm: uninitialized urandom read (16 bytes read, 5 bits of entropy available)
[   12.520971] random: udevadm: uninitialized urandom read (16 bytes read, 5 bits of entropy available)
[   12.521239] random: udevadm: uninitialized urandom read (16 bytes read, 5 bits of entropy available)
[   12.521425] random: udevadm: uninitialized urandom read (16 bytes read, 5 bits of entropy available)
[   12.521865] random: udevadm: uninitialized urandom read (16 bytes read, 5 bits of entropy available)
[   13.051613] e1000: Intel(R) PRO/1000 Network Driver - version 7.3.21-k8-NAPI
[   13.068863] e1000: Copyright (c) 1999-2006 Intel Corporation.
[   13.074785] Fusion MPT base driver 3.04.20
[   13.081714] Copyright (c) 1999-2008 LSI Corporation
[   13.088862] Fusion MPT SPI Host driver 3.04.20
[   13.125454] AVX version of gcm_enc/dec engaged.
[   13.138697] AES CTR mode by8 optimization enabled
[   13.307293] input: ImExPS/2 Generic Explorer Mouse as /devices/platform/i8042/serio1/input/input4
[   13.512184] e1000 0000:00:03.0 eth0: (PCI:33MHz:32-bit) 02:e4:5b:1a:6e:ce
[   13.583627] e1000 0000:00:03.0 eth0: Intel(R) PRO/1000 Network Connection
[   13.973458] e1000 0000:00:08.0 eth1: (PCI:33MHz:32-bit) 08:00:27:fc:19:9b
[   14.001206] e1000 0000:00:08.0 eth1: Intel(R) PRO/1000 Network Connection
[   14.048955] e1000 0000:00:03.0 enp0s3: renamed from eth0
[   14.096616] mptbase: ioc0: Initiating bringup
[   14.122623] e1000 0000:00:08.0 enp0s8: renamed from eth1
[   14.198724] ioc0: LSI53C1030 A0: Capabilities={Initiator}
[   14.450107] scsi host2: ioc0: LSI53C1030 A0, FwRev=00000000h, Ports=1, MaxQ=256, IRQ=20
[   14.603918] scsi 2:0:0:0: Direct-Access     VBOX     HARDDISK         1.0  PQ: 0 ANSI: 5
[   14.671531] scsi target2:0:0: Beginning Domain Validation
[   14.713660] scsi target2:0:0: Domain Validation skipping write tests
[   14.740655] scsi target2:0:0: Ending Domain Validation
[   14.829386] scsi target2:0:0: asynchronous
[   14.888063] scsi 2:0:1:0: Direct-Access     VBOX     HARDDISK         1.0  PQ: 0 ANSI: 5
[   15.039088] scsi target2:0:1: Beginning Domain Validation
[   15.106297] scsi target2:0:1: Domain Validation skipping write tests
[   15.131360] scsi target2:0:1: Ending Domain Validation
[   15.160080] scsi target2:0:1: asynchronous
[   15.216628] sd 2:0:0:0: [sda] 20971520 512-byte logical blocks: (10.7 GB/10.0 GiB)
[   15.216766] sd 2:0:0:0: Attached scsi generic sg0 type 0
[   15.249197] sd 2:0:1:0: Attached scsi generic sg1 type 0
[   15.272916] sd 2:0:1:0: [sdb] 20480 512-byte logical blocks: (10.5 MB/10.0 MiB)
[   15.273459] sd 2:0:0:0: [sda] Write Protect is off
[   15.274102] sd 2:0:0:0: [sda] Incomplete mode parameter data
[   15.274104] sd 2:0:0:0: [sda] Assuming drive cache: write through
[   15.323251]  sda: sda1
[   15.326386] sd 2:0:0:0: [sda] Attached SCSI disk
[   15.386646] sd 2:0:1:0: [sdb] Write Protect is off
[   15.422139] sd 2:0:1:0: [sdb] Incomplete mode parameter data
[   15.487542] sd 2:0:1:0: [sdb] Assuming drive cache: write through
[   15.514580] sd 2:0:1:0: [sdb] Attached SCSI disk
[   16.078538] floppy0: no floppy controllers found
Begin: Loading essential drivers ... [   17.630013] md: linear personality registered for level -1
[   17.663817] md: multipath personality registered for level -4
[   17.683697] md: raid0 personality registered for level 0
[   17.740095] md: raid1 personality registered for level 1
[   17.818649] raid6: sse2x1   gen()  5860 MB/s
[   17.898854] raid6: sse2x1   xor()  4481 MB/s
[   18.006333] raid6: sse2x2   gen()  7616 MB/s
[   18.118708] raid6: sse2x2   xor()  4921 MB/s
[   18.206236] raid6: sse2x4   gen()  8881 MB/s
[   18.302317] raid6: sse2x4   xor()  6485 MB/s
[   18.340670] raid6: using algorithm sse2x4 gen() 8881 MB/s
[   18.364539] raid6: .... xor() 6485 MB/s, rmw enabled
[   18.414433] raid6: using ssse3x2 recovery algorithm
[   18.430063] xor: automatically using best checksumming function:
[   18.486340]    avx       : 14643.000 MB/sec
[   18.542493] async_tx: api initialized (async)
[   18.554679] md: raid6 personality registered for level 6
[   18.628236] md: raid5 personality registered for level 5
[   18.710028] md: raid4 personality registered for level 4
[   18.752102] md: raid10 personality registered for level 10
done.
Begin: Running /scripts/init-premount ... done.
Begin: Mounting root file system ... Begin: Running /scripts/local-top ... done.
Begin: Running /scripts/local-premount ... [   18.891023] Btrfs loaded
Scanning for Btrfs filesystems
done.
Warning: fsck no[   18.954949] EXT4-fs (sda1): mounted filesystem with ordered data mode. Opts: (null)
t present, so skipping root file system
done.
Begin: Running /scripts/local-bottom ... done.
Begin: Running /scripts/init-bottom ... done.
[   19.140290] systemd[1]: systemd 229 running in system mode. (+PAM +AUDIT +SELINUX +IMA +APPARMOR +SMACK +SYSVINIT +UTMP +LIBCRYPTSETUP +GCRYPT +GNUTLS +ACL +XZ -LZ4 +SECCOMP +BLKID +ELFUTILS +KMOD -IDN)
[   19.398469] systemd[1]: Detected virtualization oracle.
[   19.442980] systemd[1]: Detected architecture x86-64.

Welcome to [1mUbuntu 16.04.2 LTS[0m!

[   19.551326] systemd[1]: Set hostname to <ubuntu>.
[   19.624216] systemd[1]: Initializing machine ID from random generator.
[   19.717361] systemd[1]: Installed transient /etc/machine-id file.
[   19.882997] systemd[1]: Listening on udev Control Socket.
[[0;32m  OK  [0m] Listening on udev Control Socket.
[   19.918579] systemd[1]: Listening on /dev/initctl Compatibility Named Pipe.
[[0;32m  OK  [0m] Listening on /dev/initctl Compatibility Named Pipe.
[   19.991086] systemd[1]: Listening on LVM2 metadata daemon socket.
[[0;32m  OK  [0m] Listening on LVM2 metadata daemon socket.
[   20.123105] systemd[1]: Listening on Journal Audit Socket.
[[0;32m  OK  [0m] Listening on Journal Audit Socket.
[   20.198893] systemd[1]: Started Forward Password Requests to Wall Directory Watch.
[[0;32m  OK  [0m] Started Forward Password Requests to Wall Directory Watch.
[   20.314528] systemd[1]: Listening on LVM2 poll daemon socket.
[[0;32m  OK  [0m] Listening on LVM2 poll daemon socket.
[   20.458718] systemd[1]: Listening on Device-mapper event daemon FIFOs.
[[0;32m  OK  [0m] Listening on Device-mapper event daemon FIFOs.
[   20.571322] systemd[1]: Created slice User and Session Slice.
[[0;32m  OK  [0m] Created slice User and Session Slice.
[   20.634507] systemd[1]: Reached target User and Group Name Lookups.
[[0;32m  OK  [0m] Reached target User and Group Name Lookups.
[   20.693368] systemd[1]: Reached target Swap.
[[0;32m  OK  [0m] Reached target Swap.
[   20.726574] systemd[1]: Reached target Encrypted Volumes.
[[0;32m  OK  [0m] Reached target Encrypted Volumes.
[   20.838833] systemd[1]: Listening on Journal Socket (/dev/log).
[[0;32m  OK  [0m] Listening on Journal Socket (/dev/log).
[   20.974793] systemd[1]: Listening on Journal Socket.
[[0;32m  OK  [0m] Listening on Journal Socket.
[   21.062681] systemd[1]: Set up automount Arbitrary Executable File Formats File System Automount Point.
[[0;32m  OK  [0m] Set up automount Arbitrary Executab...ats File System Automount Point.
[   21.159524] systemd[1]: Created slice System Slice.
[[0;32m  OK  [0m] Created slice System Slice.
[   21.216741] systemd[1]: Created slice system-serial\x2dgetty.slice.
[[0;32m  OK  [0m] Created slice system-serial\x2dgetty.slice.
[   21.302348] systemd[1]: Mounting POSIX Message Queue File System...
         Mounting POSIX Message Queue File System...
[   21.362903] systemd[1]: Mounting Debug File System...
         Mounting Debug File System...
[   21.478644] systemd[1]: Starting Load Kernel Modules...
[   21.479108] random: nonblocking pool is initialized
[   21.495709] Loading iSCSI transport class v2.0-870.
         Startin[   21.545152] iscsi: registered transport (tcp)
g Load Kernel Modules...
[   21.615705] iscsi: registered transport (iser)
[   21.682836] systemd[1]: Starting Uncomplicated firewall...
         Starting Uncomplicated firewall...
[   21.814757] systemd[1]: Starting Create list of required static device nodes for the current kernel...
         Starting Create list of required st... nodes for the current kernel...
[   21.995052] systemd[1]: Starting Monitoring of LVM2 mirrors, snapshots etc. using dmeventd or progress polling...
         Starting Monitoring of LVM2 mirrors... dmeventd or progress polling...
[   22.158735] systemd[1]: Starting Remount Root and Kernel File Systems...
[   22.162736] EXT4-fs (sda1): re-mounted. Opts: (null)
         Starting Remount Root and Kernel File Systems...
[   22.302441] systemd[1]: Mounting Huge Pages File System...
         Mounting Huge Pages File System...
[   22.342543] systemd[1]: Listening on udev Kernel Socket.
[[0;32m  OK  [0m] Listening on udev Kernel Socket.
[   22.455037] systemd[1]: Starting Nameserver information manager...
         Starting Nameserver information manager...
[   22.522238] systemd[1]: Listening on Syslog Socket.
[[0;32m  OK  [0m] Listening on Syslog Socket.
[   22.618586] systemd[1]: Starting Journal Service...
         Starting Journal Service...
[   22.689174] systemd[1]: Starting Set console keymap...
         Starting Set console keymap...
[   22.794625] systemd[1]: Reached target Slices.
[[0;32m  OK  [0m] Reached target Slices.
[   22.895864] systemd[1]: Mounted POSIX Message Queue File System.
[[0;32m  OK  [0m] Mounted POSIX Message Queue File System.
[   22.986787] systemd[1]: Mounted Debug File System.
[[0;32m  OK  [0m] Mounted Debug File System.
[   23.122897] systemd[1]: Mounted Huge Pages File System.
[[0;32m  OK  [0m] Mounted Huge Pages File System.
[   23.227586] systemd[1]: Started Journal Service.
[[0;32m  OK  [0m] Started Journal Service.
[[0;32m  OK  [0m] Started Load Kernel Modules.
[[0;32m  OK  [0m] Started Uncomplicated firewall.
[[0;32m  OK  [0m] Started Create list of required sta...ce nodes for the current kernel.
[[0;32m  OK  [0m] Started Remount Root and Kernel File Systems.
[[0;32m  OK  [0m] Started Set console keymap.
[[0;32m  OK  [0m] Started Nameserver information manager.
[[0;32m  OK  [0m] Started LVM2 metadata daemon.
         Starting Initial cloud-init job (pre-networking)...
         Starting Load/Save Random Seed...
         Starting udev Coldplug all Devices...
         Starting Create Static Device Nodes in /dev...
         Mounting FUSE Control File System...
         Starting Apply Kernel Variables...
         Starting Flush Journal to Persistent Storage...
[[0;32m  OK  [0m] Mounted FUSE Control File System.
[[0;32m  OK  [0m] Started Load/Save Random Seed.
[[0;32m  OK  [0m] Started Create Static Device Nodes in /dev.
[[0;32m  OK  [0m] Started Apply Kernel Variables.
[[0;32m  OK  [0m] Started Monitoring of LVM2 mirrors,...ng dmeventd or progress polling.
[[0;32m  OK  [0m] Started udev Coldplug all Devices.
[[0;32m  OK  [0m] Started Flush Journal to Persistent Storage.
         Starting udev Kernel Device Manager...
[[0;32m  OK  [0m] Started udev Kernel Device Manager.
[[0;32m  OK  [0m] Started Dispatch Password Requests to Console Directory Watch.
[[0;32m  OK  [0m] Reached target Local File Systems (Pre).
[[0;32m  OK  [0m] Reached target Local File Systems.
         Starting LSB: AppArmor initialization...
         Starting Set console font and keymap...
         Starting Tell Plymouth To Write Out Runtime Data...
         Starting Create Volatile Files and Directories...
         Starting Commit a transient machine-id on disk...
[[0;32m  OK  [0m] Started Tell Plymouth To Write Out Runtime Data.
[[0;32m  OK  [0m] Started Create Volatile Files and Directories.
[[0;32m  OK  [0m] Started Commit a transient machine-id on disk.
[[0;32m  OK  [0m] Reached target System Time Synchronized.
         Starting Update UTMP about System Boot/Shutdown...
[[0;32m  OK  [0m] Started Update UTMP about System Boot/Shutdown.
[[0;32m  OK  [0m] Found device /dev/ttyS0.
[   20.284728] cloud-init[469]: Cloud-init v. 0.7.8 running 'init-local' at Sat, 11 Feb 2017 14:03:26 +0000. Up 19.26 seconds.
[[0;1;31mFAILED[0m] Failed to start Set console font and keymap.
See 'systemctl status console-setup.service' for details.
[[0;32m  OK  [0m] Created slice system-getty.slice.
[[0;32m  OK  [0m] Started Initial cloud-init job (pre-networking).
[[0;32m  OK  [0m] Reached target Network (Pre).
[[0;32m  OK  [0m] Listening on Load/Save RF Kill Switch Status /dev/rfkill Watch.
[[0;32m  OK  [0m] Started LSB: AppArmor initialization.
         Starting Raise network interfaces...
[[0;32m  OK  [0m] Started Raise network interfaces.
         Starting Initial cloud-init job (metadata service crawler)...
[[0;32m  OK  [0m] Reached target Network.
[   23.862833] cloud-init[1027]: Cloud-init v. 0.7.8 running 'init' at Sat, 11 Feb 2017 14:03:30 +0000. Up 23.16 seconds.
[   23.926422] cloud-init[1027]: ci-info: ++++++++++++++++++++++++++++++++++++++Net device info++++++++++++++++++++++++++++++++++++++
[   23.999601] cloud-init[1027]: ci-info: +--------+-------+----------------------------+---------------+-------+-------------------+
[   24.064806] cloud-init[1027]: ci-info: | Device |   Up  |          Address           |      Mask     | Scope |     Hw-Address    |
[   24.065260] cloud-init[1027]: ci-info: +--------+-------+----------------------------+---------------+-------+-------------------+
[[0;32m  OK  [0m] Started Initial cloud-init job (metadata service crawler).
[   24.065599] cloud-init[1027]: ci-info: | enp0s8 | False |             .              |       .       |   .   | 08:00:27:fc:19:9b |
[   24.065698] cloud-init[1027]: ci-info: | enp0s3 |  True |         10.0.2.15          | 255.255.255.0 |   .   | 02:e4:5b:1a:6e:ce |
[   24.340592] cloud-init[1027]: ci-info: | enp0s3 |  True | fe80::e4:5bff:fe1a:6ece/64 |       .       |  link | 02:e4:5b:1a:6e:ce |
[   24.341297] cloud-init[[1027]: [0;32m  OK  [0mci-info: |   lo   |  True |         127.0.0.1          |   255.0.0.0   |   .   |         .         |] 
Reached target Cloud-config availability.
[[   24.341945] cloud-init[1027]: ci-info: |   lo   |  True |          ::1/128           |       .       |  host |         .         |
[   24.549353] cloud-init[1027]: ci-info: +--------+-------+----------------------------+---------------+-------+-------------------+
[0;32m  OK  [0m] Reached target Network is Online.
[   24.549495] cloud-init[1027]: ci-info: +++++++++++++++++++++++++++Route IPv4 info++++++++++++++++++++++++++++
[   24.821724] cloud-init[1027]: ci-info: +-------+-------------+----------+---------------+-----------+-------+
[   24.822284] cloud-init[1027]: ci-info: | Route | Destination | Gateway  |    Genmask    | Interface | Flags |
         Starting iSCSI initiator daemon (iscsid)...
[[   24.822615] cloud-init[0;32m  OK  [0m[1027]: ] ci-info: +-------+-------------+----------+---------------+-----------+-------+Reached target System Initialization.

[   25.116520] cloud-init[1027]: ci-info: |   0   |   0.0.0.0   | 10.0.2.2 |    0.0.0.0    |   enp0s3  |   UG  |
[   25.117160] cloud-init[1027]: ci-info: |   1   |   10.0.2.0  | 0.0.0.0  | 255.255.255.0 |   enp0s3  |   U   |
[[0;32m  OK  [0m] Started Daily apt activities.
[[   25.117501] cloud-init[1027]: ci-info: +-------+-------------+----------+---------------+-----------+-------+
[0;32m  OK  [0m] Started Trigger resolvconf update for networkd DNS.
[[   25.257987] cloud-init[1027]: Generating public/private rsa key pair.
[   25.349622] cloud-init[1027]: Your identification has been saved in /etc/ssh/ssh_host_rsa_key.
[0;32m  OK  [0m] Started Timer to automatically refresh installed snaps.
[[   25.349768] cloud-init[1027]: Your public key has been saved in /etc/ssh/ssh_host_rsa_key.pub.
[   25.501693] cloud-init[1027]: The key fingerprint is:
[0;32m  OK  [0m] Started Daily Cleanup of Temporary Directories.
[[   25.502004] cloud-init[1027]: SHA256:7EHJslHqrsEeu6qCKExmEKTt9RfVzL5c1Djk2zjjNaQ root@ubuntu-xenial
[   25.576140] cloud-init[1027]: The key's randomart image is:
[   25.576384] cloud-init[1027]: +---[RSA 2048]----+
[0;32m  OK  [0m] Reached target Timers.
[   25.577127] cloud-init[1027]: |..      . .+ ..o |
[   25.757000] cloud-init[1027]: |o.     + o  +.+ .|
[   25.757890] cloud-init[1027]: |... . + =  . ..o |
[[0;32m  OK  [0m] Started ACPI Events Check.
[[   25.758008] cloud-init[0;32m  OK  [0m[1027]: ] |.. . o * .  . ++ |Reached target Paths.

         [   25.873898] Starting Socket activation for snappy daemon.cloud-init
[1027]: |. .   + S  . E=.o|
[   25.940789] cloud-init[1027]: | + . . o .  o. +.|
[   25.941323] cloud-init[1027]: |B   + . .     .  |
         Starting LXD - unix socket.
[[   25.941941] cloud-init[1027]: |=. . =           |
[   26.033904] cloud-init[1027]: |+...=.           |
[   26.034195] cloud-init[1027]: +----[SHA256]-----+
[   26.034556] cloud-init[1027]: Generating public/private dsa key pair.
[0;32m  OK  [0m] Listening on ACPID Listen Socket.
[[   26.034897] cloud-init[1027]: Your identification has been saved in /etc/ssh/ssh_host_dsa_key.
[   26.132162] cloud-init[1027]: Your public key has been saved in /etc/ssh/ssh_host_dsa_key.pub.
[0;32m  OK  [0m] Listening on D-Bus System Message Bus Socket.
[   26.132295] cloud-init[1027]: The key fingerprint is:
[   26.237800] cloud-init[1027]: SHA256:N32mxRooMhkOfqj6llWz3Ia3klSa7iw2jtXSXkZIJYk root@ubuntu-xenial
[[0;32m  OK  [0m] Listening on UUID daemon activation socket.
[   26.238263] cloud-init[1027]: The key's randomart image is:
[   26.397003] cloud-init[1027]: +---[DSA 1024]----+
[   26.397541] cloud-init[1027]: |     ....        |
[[0;32m  OK  [0m] Listening on Socket activation for snappy daemon.
[   26.397787] cloud-init[1027]: |    E .o         |
[   26.487224] cloud-init[1027]: |    . o          |
[[0;32m  OK  [0m] Listening on LXD - unix socket.
[[   26.487423] cloud-init[1027]: |   . =o+.  o .   |
[   26.580108] cloud-init[1027]: |    ooBOS + o =  |
[   26.580365] cloud-init[1027]: [0;32m  OK  [0m|   ..+B++o . B   |] 
Started iSCSI initiator daemon (iscsid).
[   26.581201] cloud-init[1027]: |  .oooo+o.  o    |
[   26.692880] cloud-init[1027]: | .oo+++o.        |
[   26.693402] cloud-init[1027]: |.ooo.++.         |
         Starting Login to default iSCSI targets...
[[   26.693685] cloud-init[1027]: +----[SHA256]-----+
[   26.787747] cloud-init[1027]: Generating public/private ecdsa key pair.
[   26.787993] cloud-init[1027]: Your identification has been saved in /etc/ssh/ssh_host_ecdsa_key.
[0;32m  OK  [0m] Reached target Sockets.
[[   26.788351] cloud-init[1027]: Your public key has been saved in /etc/ssh/ssh_host_ecdsa_key.pub.
[   26.962287] cloud-init[1027]: The key fingerprint is:
[0;32m  OK  [0m] Reached target Basic System.
[   26.962612] cloud-init[1027]: SHA256:uh+DQappyBesxpQHkNhjzlf7IzoODN1bEch71OLQAlU root@ubuntu-xenial
[   27.140641] cloud-init[1027]: The key's randomart image is:
         Starting System Logging Service...
[   27.141117] cloud-init[1027]: +---[ECDSA 256]---+
[   27.240788] cloud-init[1027]: |oo.+.+E.         |
[   27.241585] cloud-init[1027]: |+ + = =..        |
[[0;32m  OK  [0m] Started Regular background program processing daemon.
[   27.241729] cloud-init[1027]: | = . Boo         |
[   27.378521] cloud-init[1027]: | .*.oo+.         |
[   27.383067] cloud-init[1027]: |.o.=o.o.S        |
[   27.386753] cloud-init[1027]: |++oo.o.+o        |
[   27.387460] cloud-init[1027]: |.=*...o.o.       |
[   27.388241] cloud-init[1027]: |....o  . o       |
[   27.388484] cloud-init[1027]: |   ......        |
[   27.388778] cloud-init[1027]: +----[SHA256]-----+
[   27.389488] cloud-init[1027]: Generating public/private ed25519 key pair.
[   27.389774] cloud-init[1027]: Your identification has been saved in /etc/ssh/ssh_host_ed25519_key.
         Starting LSB: Record successful boot for GRUB...
[   27.390820] cloud-init[1027]: Your public key has been saved in /etc/ssh/ssh_host_ed25519_key.pub.
[   27.589027] cloud-init[1027]: The key fingerprint is:
[   27.589526] cloud-init[1027]: SHA256:QXTIcTHT5c9/9Z7h+IedHCMUTRu08hhVBqGmXpjsqVY root@ubuntu-xenial
[[0;32m  OK  [0m] Started FUSE filesystem for LXC.
[   27.589949] cloud-init[1027]: The key's randomart image is:
[   27.768767] cloud-init[1027]: +--[ED25519 256]--+
[   27.769122] cloud-init[1027]: |       o+o*o .BB+|
         Starting Accounts Service...
[   27.769882] cloud-init[1027]: |       .oo o.+.o+|
[   27.884474] cloud-init[1027]: |        .   oooo |
[   27.884880] cloud-init[1027]: |         o = .=o |
         Starting LSB: MD monitoring daemon...
[   27.885099] cloud-init[1027]: |        S = o. .+|
[   28.004932] cloud-init[1027]: |         oEo . o+|
[   28.005405] cloud-init[1027]: |         .+   o+B|
[[0;32m  OK  [0m] Started ACPI event daemon.
[   28.006011] cloud-init[1027]: |        ..    ++*|
         [   28.121247] Starting /etc/rc.local Compatibility...cloud-init
[1027]: |       ..    ..+o|
[   28.172932] cloud-init[1027]: +----[SHA256]-----+
         Starting Pollinate to seed the pseudo random number generator...
         Starting LXD - container startup/shutdown...
         Starting Login Service...
[[0;32m  OK  [0m] Started Deferred execution scheduler.
         Starting Apply the settings specified in cloud-config...
[[0;32m  OK  [0m] Started D-Bus System Message Bus.
[[0;32m  OK  [0m] Started Snappy daemon.
         Starting Auto import assertions from block devices...
[[0;32m  OK  [0m] Started System Logging Service.
[[0;32m  OK  [0m] Started /etc/rc.local Compatibility.
[[0;32m  OK  [0m] Started Pollinate to seed the pseudo random number generator.
[[0;32m  OK  [0m] Started LXD - container startup/shutdown.
[[0;32m  OK  [0m] Started Auto import assertions from block devices.
[[0;32m  OK  [0m] Started Login to default iSCSI targets.
[[0;32m  OK  [0m] Started LSB: Record successful boot for GRUB.
[[0;32m  OK  [0m] Started LSB: MD monitoring daemon.
[[0;32m  OK  [0m] Started Login Service.
         Starting Authenticate and Authorize Users to Run Privileged Tasks...
[[0;32m  OK  [0m] Reached target Remote File Systems (Pre).
[[0;32m  OK  [0m] Reached target Remote File Systems.
         Starting LSB: daemon to balance interrupts for SMP systems...
         Starting LSB: VirtualBox Linux Additions...
         Starting LSB: automatic crash report generation...
[   29.272072] cloud-init[1204]: Generating locales (this might take a while)...
         Starting Permit User Sessions...
         Starting LSB: Set the CPU Frequency Scaling governor to "ondemand"...
         Starting OpenBSD Secure Shell server...
[[0;32m  OK  [0m] Started OpenBSD Secure Shell server.
[[0;32m  OK  [0m] Started Permit User Sessions.
[[0;32m  OK  [0m] Started Authenticate and Authorize Users to Run Privileged Tasks.
[[0;32m  OK  [0m] Started Accounts Service.
[[0;32m  OK  [0m] Started LSB: Set the CPU Frequency Scaling governor to "ondemand".
[[0;32m  OK  [0m] Started LSB: automatic crash report generation.
[[0;32m  OK  [0m] Started LSB: daemon to balance interrupts for SMP systems.
         Starting Hold until boot process finishes up...
         Starting Terminate Plymouth Boot Screen...
[[0;32m  OK  [0m] Started LSB: VirtualBox Linux Additions.
[[0;32m  OK  [0m] Started Hold until boot process finishes up.
[[0;32m  OK  [0m] Started Terminate Plymouth Boot Screen.
[[0;32m  OK  [0m] Started Serial Getty on ttyS0.
[[0;32m  OK  [0m] Started Getty on tty1.
[[0;32m  OK  [0m] Reached target Login Prompts.
         Starting Set console scheme...
[[0;32m  OK  [0m] Reached target Multi-User System.
[[0;32m  OK  [0m] Reached target Graphical Interface.
         Starting Update UTMP about System Runlevel Changes...
[[0;32m  OK  [0m] Started Set console scheme.
[[0;32m  OK  [0m] Started Update UTMP about System Runlevel Changes.
[   31.370971] cloud-init[1204]:   en_US.UTF-8... done
[   31.398045] cloud-init[1204]: Generation complete.
         Stopping OpenBSD Secure Shell server...
[[0;32m  OK  [0m] Stopped OpenBSD Secure Shell server.
         Starting OpenBSD Secure Shell server...
[[0;32m  OK  [0m] Started OpenBSD Secure Shell server.
[[0;32m  OK  [0m] Created slice User Slice of ubuntu.
         Starting User Manager for UID 1000...
[[0;32m  OK  [0m] Started Session 1 of user ubuntu.
[[0;32m  OK  [0m] Started User Manager for UID 1000.
[   32.185159] cloud-init[1204]: Cloud-init v. 0.7.8 running 'modules:config' at Sat, 11 Feb 2017 14:03:36 +0000. Up 28.95 seconds.
[[0;32m  OK  [0m] Started Apply the settings specified in cloud-config.
         Starting Execute cloud user/final scripts...
ci-info: no authorized ssh keys fingerprints found for user ubuntu.
<14>Feb 11 14:03:40 ec2: 
<14>Feb 11 14:03:40 ec2: #############################################################
<14>Feb 11 14:03:40 ec2: -----BEGIN SSH HOST KEY FINGERPRINTS-----
<14>Feb 11 14:03:40 ec2: 1024 SHA256:N32mxRooMhkOfqj6llWz3Ia3klSa7iw2jtXSXkZIJYk root@ubuntu-xenial (DSA)
<14>Feb 11 14:03:40 ec2: 256 SHA256:uh+DQappyBesxpQHkNhjzlf7IzoODN1bEch71OLQAlU root@ubuntu-xenial (ECDSA)
<14>Feb 11 14:03:40 ec2: 256 SHA256:QXTIcTHT5c9/9Z7h+IedHCMUTRu08hhVBqGmXpjsqVY root@ubuntu-xenial (ED25519)
<14>Feb 11 14:03:40 ec2: 2048 SHA256:7EHJslHqrsEeu6qCKExmEKTt9RfVzL5c1Djk2zjjNaQ root@ubuntu-xenial (RSA)
<14>Feb 11 14:03:40 ec2: -----END SSH HOST KEY FINGERPRINTS-----
<14>Feb 11 14:03:40 ec2: #############################################################
-----BEGIN SSH HOST KEY KEYS-----
ecdsa-sha2-nistp256 AAAAE2VjZHNhLXNoYTItbmlzdHAyNTYAAAAIbmlzdHAyNTYAAABBBPFpU6uR4Dm/SHfoKAGpIzGMBTVZ/fP40dRBRXmFnxYzL5Vor9BVpX53jRE2AhNXW6jSd2+WjG1c6Dxw3Gon30c= root@ubuntu-xenial
ssh-ed25519 AAAAC3NzaC1lZDI1NTE5AAAAINo/16fi5l3VMs/7df+Yju1uvGXIId96QTCKfsRx72pL root@ubuntu-xenial
ssh-rsa AAAAB3NzaC1yc2EAAAADAQABAAABAQC7btDaxhr9T3zIPQS8tI23Qoi0I9eEMSPH9zpRmFtXdZkX1bzTJ8HNhfvKE2MHU0YSBxEvNjrAxWBDcpVySLhYo1Xv4JAzcM5PJ11LAam6I0iqBoPriMTo6KmmPy3a6FoJT/NvY2Ja8HIhtwpSw4B+8B9FmzMalIn+8Lqm2jTsjEByXPhBa7eWTn/JOathmnirsYpVa1Aiy/QZFcwYiBz5G8pwF1RJUxk8GcSrWYRIaXKDiXKGOzN60KF6xrLcxVfT3eJIkJWkCJcSr9i4XmDLxwluT8mRroVRt2CQt/hBuAiuX6s/RsyKLv0zOdblfzyj4jjV56qvSxakKpXVHmFf root@ubuntu-xenial
-----END SSH HOST KEY KEYS-----
[   33.730861] cloud-init[1460]: Cloud-init v. 0.7.8 running 'modules:final' at Sat, 11 Feb 2017 14:03:40 +0000. Up 33.08 seconds.
[   33.774420] cloud-init[1460]: ci-info: no authorized ssh keys fingerprints found for user ubuntu.
[   33.817044] cloud-init[1460]: Cloud-init v. 0.7.8 finished at Sat, 11 Feb 2017 14:03:40 +0000. Datasource DataSourceNoCloud [seed=/dev/sdb][dsmode=net].  Up 33.71 seconds
[[0;32m  OK  [0m] Started Execute cloud user/final scripts.
[[0;32m  OK  [0m] Reached target Cloud-init target.

Ubuntu 16.04.2 LTS ubuntu-xenial ttyS0

ubuntu-xenial login: 